Archive member included because of file (symbol)

.\CortexM3\ARM_GCC_493\Debug\USBFS_HID02.a(cyfitter_cfg.o)
                              .\CortexM3\ARM_GCC_493\Debug\Cm3Start.o (cyfitter_cfg)
.\CortexM3\ARM_GCC_493\Debug\USBFS_HID02.a(USBFS.o)
                              .\CortexM3\ARM_GCC_493\Debug\main.o (USBFS_Start)
.\CortexM3\ARM_GCC_493\Debug\USBFS_HID02.a(USBFS_drv.o)
                              .\CortexM3\ARM_GCC_493\Debug\USBFS_HID02.a(USBFS.o) (USBFS_EP)
.\CortexM3\ARM_GCC_493\Debug\USBFS_HID02.a(USBFS_episr.o)
                              .\CortexM3\ARM_GCC_493\Debug\USBFS_HID02.a(USBFS.o) (USBFS_EP_1_ISR)
.\CortexM3\ARM_GCC_493\Debug\USBFS_HID02.a(USBFS_hid.o)
                              .\CortexM3\ARM_GCC_493\Debug\USBFS_HID02.a(USBFS.o) (USBFS_hidProtocol)
.\CortexM3\ARM_GCC_493\Debug\USBFS_HID02.a(USBFS_pm.o)
                              .\CortexM3\ARM_GCC_493\Debug\USBFS_HID02.a(USBFS.o) (USBFS_DP_ISR)
.\CortexM3\ARM_GCC_493\Debug\USBFS_HID02.a(USBFS_std.o)
                              .\CortexM3\ARM_GCC_493\Debug\main.o (USBFS_SerialNumString)
.\CortexM3\ARM_GCC_493\Debug\USBFS_HID02.a(USBFS_vnd.o)
                              .\CortexM3\ARM_GCC_493\Debug\USBFS_HID02.a(USBFS_drv.o) (USBFS_HandleVendorRqst)
.\CortexM3\ARM_GCC_493\Debug\USBFS_HID02.a(USBFS_Dp.o)
                              .\CortexM3\ARM_GCC_493\Debug\USBFS_HID02.a(USBFS.o) (USBFS_Dp_ClearInterrupt)
.\CortexM3\ARM_GCC_493\Debug\USBFS_HID02.a(CyLib.o)
                              .\CortexM3\ARM_GCC_493\Debug\Cm3Start.o (CyResetStatus)
.\CortexM3\ARM_GCC_493\Debug\USBFS_HID02.a(cyPm.o)
                              .\CortexM3\ARM_GCC_493\Debug\USBFS_HID02.a(CyLib.o) (CyPmReadStatus)
.\CortexM3\ARM_GCC_493\Debug\USBFS_HID02.a(KNAP.o)
                              .\CortexM3\ARM_GCC_493\Debug\main.o (KNAP_Read)
.\CortexM3\ARM_GCC_493\Debug\USBFS_HID02.a(PORE.o)
                              .\CortexM3\ARM_GCC_493\Debug\main.o (PORE_Write)
.\CortexM3\ARM_GCC_493\Debug\USBFS_HID02.a(CyBootAsmGnu.o)
                              .\CortexM3\ARM_GCC_493\Debug\USBFS_HID02.a(cyfitter_cfg.o) (CyDelayCycles)
.\CortexM3\ARM_GCC_493\Debug\USBFS_HID02.a(CyScBoostClk.o)
                              .\CortexM3\ARM_GCC_493\Debug\USBFS_HID02.a(CyLib.o) (CyScBoostClk_Start)
.\CortexM3\ARM_GCC_493\Debug\USBFS_HID02.a(USBFS_cls.o)
                              .\CortexM3\ARM_GCC_493\Debug\USBFS_HID02.a(USBFS_drv.o) (USBFS_DispatchClassRqst)
.\CortexM3\ARM_GCC_493\Debug\USBFS_HID02.a(USBFS_descr.o)
                              .\CortexM3\ARM_GCC_493\Debug\USBFS_HID02.a(USBFS_std.o) (USBFS_DEVICE0_DESCR)
.\CortexM3\ARM_GCC_493\Debug\USBFS_HID02.a(CyFlash.o)
                              .\CortexM3\ARM_GCC_493\Debug\USBFS_HID02.a(cyPm.o) (CyFlash_SetWaitCycles)
.\CortexM3\ARM_GCC_493\Debug\USBFS_HID02.a(CySpc.o)
                              .\CortexM3\ARM_GCC_493\Debug\USBFS_HID02.a(CyFlash.o) (CySpcStart)
c:/program files (x86)/cypress/psoc creator/4.0/psoc creator/import/gnu/arm/4.9.3/bin/../lib/gcc/arm-none-eabi/4.9.3/../../../../arm-none-eabi/lib/armv7-m\libg_nano.a(lib_a-errno.o)
                              .\CortexM3\ARM_GCC_493\Debug\Cm3Start.o (__errno)
c:/program files (x86)/cypress/psoc creator/4.0/psoc creator/import/gnu/arm/4.9.3/bin/../lib/gcc/arm-none-eabi/4.9.3/../../../../arm-none-eabi/lib/armv7-m\libg_nano.a(lib_a-exit.o)
                              c:/program files (x86)/cypress/psoc creator/4.0/psoc creator/import/gnu/arm/4.9.3/bin/../lib/gcc/arm-none-eabi/4.9.3/../../../../arm-none-eabi/lib/armv7-m/crt0.o (exit)
c:/program files (x86)/cypress/psoc creator/4.0/psoc creator/import/gnu/arm/4.9.3/bin/../lib/gcc/arm-none-eabi/4.9.3/../../../../arm-none-eabi/lib/armv7-m\libg_nano.a(lib_a-impure.o)
                              c:/program files (x86)/cypress/psoc creator/4.0/psoc creator/import/gnu/arm/4.9.3/bin/../lib/gcc/arm-none-eabi/4.9.3/../../../../arm-none-eabi/lib/armv7-m\libg_nano.a(lib_a-exit.o) (_global_impure_ptr)
c:/program files (x86)/cypress/psoc creator/4.0/psoc creator/import/gnu/arm/4.9.3/bin/../lib/gcc/arm-none-eabi/4.9.3/../../../../arm-none-eabi/lib/armv7-m\libg_nano.a(lib_a-init.o)
                              c:/program files (x86)/cypress/psoc creator/4.0/psoc creator/import/gnu/arm/4.9.3/bin/../lib/gcc/arm-none-eabi/4.9.3/../../../../arm-none-eabi/lib/armv7-m/crt0.o (__libc_init_array)
c:/program files (x86)/cypress/psoc creator/4.0/psoc creator/import/gnu/arm/4.9.3/bin/../lib/gcc/arm-none-eabi/4.9.3/../../../../arm-none-eabi/lib/armv7-m\libg_nano.a(lib_a-memcpy.o)
                              .\CortexM3\ARM_GCC_493\Debug\USBFS_HID02.a(cyfitter_cfg.o) (memcpy)
c:/program files (x86)/cypress/psoc creator/4.0/psoc creator/import/gnu/arm/4.9.3/bin/../lib/gcc/arm-none-eabi/4.9.3/../../../../arm-none-eabi/lib/armv7-m\libg_nano.a(lib_a-memset.o)
                              c:/program files (x86)/cypress/psoc creator/4.0/psoc creator/import/gnu/arm/4.9.3/bin/../lib/gcc/arm-none-eabi/4.9.3/../../../../arm-none-eabi/lib/armv7-m/crt0.o (memset)

Allocating common symbols
Common symbol       size              file

USBFS_deviceAddress
                    0x1               .\CortexM3\ARM_GCC_493\Debug\USBFS_HID02.a(USBFS_drv.o)
USBFS_ep0Mode       0x1               .\CortexM3\ARM_GCC_493\Debug\USBFS_HID02.a(USBFS_drv.o)
USBFS_interfaceSetting
                    0x1               .\CortexM3\ARM_GCC_493\Debug\USBFS_HID02.a(USBFS_drv.o)
USBFS_DEVICE0_CONFIGURATION0_INTERFACE0_ALTERNATE0_HID_IN_RPT_SCB
                    0x4               .\CortexM3\ARM_GCC_493\Debug\USBFS_HID02.a(USBFS_descr.o)
USBFS_hidIdleRate   0x1               .\CortexM3\ARM_GCC_493\Debug\USBFS_HID02.a(USBFS_hid.o)
USBFS_currentTD     0xc               .\CortexM3\ARM_GCC_493\Debug\USBFS_HID02.a(USBFS_drv.o)
USBFS_device        0x1               .\CortexM3\ARM_GCC_493\Debug\USBFS_HID02.a(USBFS_drv.o)
USBFS_interfaceNumber
                    0x1               .\CortexM3\ARM_GCC_493\Debug\USBFS_HID02.a(USBFS_drv.o)
USBFS_ep0Toggle     0x1               .\CortexM3\ARM_GCC_493\Debug\USBFS_HID02.a(USBFS_drv.o)
USBFS_deviceStatus  0x1               .\CortexM3\ARM_GCC_493\Debug\USBFS_HID02.a(USBFS_drv.o)
USBFS_DEVICE0_CONFIGURATION0_INTERFACE0_ALTERNATE0_HID_IN_BUF
                    0x4               .\CortexM3\ARM_GCC_493\Debug\USBFS_HID02.a(USBFS_descr.o)
USBFS_configurationChanged
                    0x1               .\CortexM3\ARM_GCC_493\Debug\USBFS_HID02.a(USBFS_drv.o)
USBFS_configuration
                    0x1               .\CortexM3\ARM_GCC_493\Debug\USBFS_HID02.a(USBFS_drv.o)
USBFS_transferState
                    0x1               .\CortexM3\ARM_GCC_493\Debug\USBFS_HID02.a(USBFS_drv.o)
USBFS_interfaceStatus
                    0x1               .\CortexM3\ARM_GCC_493\Debug\USBFS_HID02.a(USBFS_drv.o)
USBFS_interfaceClass
                    0x4               .\CortexM3\ARM_GCC_493\Debug\USBFS_HID02.a(USBFS_drv.o)
USBFS_EP            0x6c              .\CortexM3\ARM_GCC_493\Debug\USBFS_HID02.a(USBFS_drv.o)
USBFS_hidIdleTimer  0x1               .\CortexM3\ARM_GCC_493\Debug\USBFS_HID02.a(USBFS_hid.o)
USBFS_lastPacketSize
                    0x1               .\CortexM3\ARM_GCC_493\Debug\USBFS_HID02.a(USBFS_drv.o)
USBFS_hidProtocol   0x1               .\CortexM3\ARM_GCC_493\Debug\USBFS_HID02.a(USBFS_hid.o)
dieTemperature      0x2               .\CortexM3\ARM_GCC_493\Debug\USBFS_HID02.a(CyFlash.o)
USBFS_ep0Count      0x1               .\CortexM3\ARM_GCC_493\Debug\USBFS_HID02.a(USBFS_drv.o)
USBFS_interfaceSettingLast
                    0x1               .\CortexM3\ARM_GCC_493\Debug\USBFS_HID02.a(USBFS_drv.o)
USBFS_transferByteCount
                    0x2               .\CortexM3\ARM_GCC_493\Debug\USBFS_HID02.a(USBFS_drv.o)

Discarded input sections

 .text          0x00000000        0x0 c:/program files (x86)/cypress/psoc creator/4.0/psoc creator/import/gnu/arm/4.9.3/bin/../lib/gcc/arm-none-eabi/4.9.3/armv7-m/crti.o
 .data          0x00000000        0x0 c:/program files (x86)/cypress/psoc creator/4.0/psoc creator/import/gnu/arm/4.9.3/bin/../lib/gcc/arm-none-eabi/4.9.3/armv7-m/crti.o
 .bss           0x00000000        0x0 c:/program files (x86)/cypress/psoc creator/4.0/psoc creator/import/gnu/arm/4.9.3/bin/../lib/gcc/arm-none-eabi/4.9.3/armv7-m/crti.o
 .data          0x00000000        0x4 c:/program files (x86)/cypress/psoc creator/4.0/psoc creator/import/gnu/arm/4.9.3/bin/../lib/gcc/arm-none-eabi/4.9.3/armv7-m/crtbegin.o
 .text          0x00000000       0x74 c:/program files (x86)/cypress/psoc creator/4.0/psoc creator/import/gnu/arm/4.9.3/bin/../lib/gcc/arm-none-eabi/4.9.3/../../../../arm-none-eabi/lib/armv7-m/crt0.o
 .data          0x00000000        0x0 c:/program files (x86)/cypress/psoc creator/4.0/psoc creator/import/gnu/arm/4.9.3/bin/../lib/gcc/arm-none-eabi/4.9.3/../../../../arm-none-eabi/lib/armv7-m/crt0.o
 .bss           0x00000000        0x0 c:/program files (x86)/cypress/psoc creator/4.0/psoc creator/import/gnu/arm/4.9.3/bin/../lib/gcc/arm-none-eabi/4.9.3/../../../../arm-none-eabi/lib/armv7-m/crt0.o
 .ARM.extab     0x00000000        0x0 c:/program files (x86)/cypress/psoc creator/4.0/psoc creator/import/gnu/arm/4.9.3/bin/../lib/gcc/arm-none-eabi/4.9.3/../../../../arm-none-eabi/lib/armv7-m/crt0.o
 .ARM.exidx     0x00000000        0x8 c:/program files (x86)/cypress/psoc creator/4.0/psoc creator/import/gnu/arm/4.9.3/bin/../lib/gcc/arm-none-eabi/4.9.3/../../../../arm-none-eabi/lib/armv7-m/crt0.o
 .text          0x00000000        0x0 .\CortexM3\ARM_GCC_493\Debug\main.o
 .text          0x00000000        0x0 .\CortexM3\ARM_GCC_493\Debug\cymetadata.o
 .data          0x00000000        0x0 .\CortexM3\ARM_GCC_493\Debug\cymetadata.o
 .bss           0x00000000        0x0 .\CortexM3\ARM_GCC_493\Debug\cymetadata.o
 .text          0x00000000        0x0 .\CortexM3\ARM_GCC_493\Debug\Cm3Start.o
 .data          0x00000000        0x4 .\CortexM3\ARM_GCC_493\Debug\Cm3Start.o
 .bss           0x00000000        0x0 .\CortexM3\ARM_GCC_493\Debug\Cm3Start.o
 .text._exit    0x00000000       0x14 .\CortexM3\ARM_GCC_493\Debug\Cm3Start.o
 .text._sbrk    0x00000000       0x50 .\CortexM3\ARM_GCC_493\Debug\Cm3Start.o
 .text          0x00000000        0x0 .\CortexM3\ARM_GCC_493\Debug\USBFS_HID02.a(cyfitter_cfg.o)
 .data          0x00000000        0x0 .\CortexM3\ARM_GCC_493\Debug\USBFS_HID02.a(cyfitter_cfg.o)
 .bss           0x00000000        0x0 .\CortexM3\ARM_GCC_493\Debug\USBFS_HID02.a(cyfitter_cfg.o)
 .text.CYCONFIGCPYCODE
                0x00000000       0x1c .\CortexM3\ARM_GCC_493\Debug\USBFS_HID02.a(cyfitter_cfg.o)
 .text.SetAnalogRoutingPumps
                0x00000000       0x28 .\CortexM3\ARM_GCC_493\Debug\USBFS_HID02.a(cyfitter_cfg.o)
 .text          0x00000000        0x0 .\CortexM3\ARM_GCC_493\Debug\USBFS_HID02.a(USBFS.o)
 .data          0x00000000        0x0 .\CortexM3\ARM_GCC_493\Debug\USBFS_HID02.a(USBFS.o)
 .text.USBFS_Stop
                0x00000000      0x100 .\CortexM3\ARM_GCC_493\Debug\USBFS_HID02.a(USBFS.o)
 .text.USBFS_CheckActivity
                0x00000000       0x38 .\CortexM3\ARM_GCC_493\Debug\USBFS_HID02.a(USBFS.o)
 .text.USBFS_IsConfigurationChanged
                0x00000000       0x34 .\CortexM3\ARM_GCC_493\Debug\USBFS_HID02.a(USBFS.o)
 .text.USBFS_GetInterfaceSetting
                0x00000000       0x24 .\CortexM3\ARM_GCC_493\Debug\USBFS_HID02.a(USBFS.o)
 .text.USBFS_GetEPState
                0x00000000       0x2c .\CortexM3\ARM_GCC_493\Debug\USBFS_HID02.a(USBFS.o)
 .text.USBFS_GetEPCount
                0x00000000       0x60 .\CortexM3\ARM_GCC_493\Debug\USBFS_HID02.a(USBFS.o)
 .text.USBFS_ReadOutEP
                0x00000000       0x8c .\CortexM3\ARM_GCC_493\Debug\USBFS_HID02.a(USBFS.o)
 .text.USBFS_EnableOutEP
                0x00000000       0x54 .\CortexM3\ARM_GCC_493\Debug\USBFS_HID02.a(USBFS.o)
 .text.USBFS_DisableOutEP
                0x00000000       0x30 .\CortexM3\ARM_GCC_493\Debug\USBFS_HID02.a(USBFS.o)
 .text.USBFS_Force
                0x00000000       0x20 .\CortexM3\ARM_GCC_493\Debug\USBFS_HID02.a(USBFS.o)
 .text.USBFS_SetPowerStatus
                0x00000000       0x40 .\CortexM3\ARM_GCC_493\Debug\USBFS_HID02.a(USBFS.o)
 .text.USBFS_RWUEnabled
                0x00000000       0x30 .\CortexM3\ARM_GCC_493\Debug\USBFS_HID02.a(USBFS.o)
 .text.USBFS_GetDeviceAddress
                0x00000000       0x20 .\CortexM3\ARM_GCC_493\Debug\USBFS_HID02.a(USBFS.o)
 .text.USBFS_EnableSofInt
                0x00000000       0x18 .\CortexM3\ARM_GCC_493\Debug\USBFS_HID02.a(USBFS.o)
 .text.USBFS_DisableSofInt
                0x00000000       0x18 .\CortexM3\ARM_GCC_493\Debug\USBFS_HID02.a(USBFS.o)
 .text          0x00000000        0x0 .\CortexM3\ARM_GCC_493\Debug\USBFS_HID02.a(USBFS_drv.o)
 .data          0x00000000        0x0 .\CortexM3\ARM_GCC_493\Debug\USBFS_HID02.a(USBFS_drv.o)
 .bss           0x00000000        0x0 .\CortexM3\ARM_GCC_493\Debug\USBFS_HID02.a(USBFS_drv.o)
 .text          0x00000000        0x0 .\CortexM3\ARM_GCC_493\Debug\USBFS_HID02.a(USBFS_episr.o)
 .data          0x00000000        0x0 .\CortexM3\ARM_GCC_493\Debug\USBFS_HID02.a(USBFS_episr.o)
 .bss           0x00000000        0x0 .\CortexM3\ARM_GCC_493\Debug\USBFS_HID02.a(USBFS_episr.o)
 .text          0x00000000        0x0 .\CortexM3\ARM_GCC_493\Debug\USBFS_HID02.a(USBFS_hid.o)
 .data          0x00000000        0x0 .\CortexM3\ARM_GCC_493\Debug\USBFS_HID02.a(USBFS_hid.o)
 .bss           0x00000000        0x0 .\CortexM3\ARM_GCC_493\Debug\USBFS_HID02.a(USBFS_hid.o)
 .text.USBFS_UpdateHIDTimer
                0x00000000       0x64 .\CortexM3\ARM_GCC_493\Debug\USBFS_HID02.a(USBFS_hid.o)
 .text.USBFS_GetProtocol
                0x00000000       0x24 .\CortexM3\ARM_GCC_493\Debug\USBFS_HID02.a(USBFS_hid.o)
 .text          0x00000000        0x0 .\CortexM3\ARM_GCC_493\Debug\USBFS_HID02.a(USBFS_pm.o)
 .data          0x00000000        0x0 .\CortexM3\ARM_GCC_493\Debug\USBFS_HID02.a(USBFS_pm.o)
 .bss           0x00000000        0x4 .\CortexM3\ARM_GCC_493\Debug\USBFS_HID02.a(USBFS_pm.o)
 .text.USBFS_SaveConfig
                0x00000000        0xc .\CortexM3\ARM_GCC_493\Debug\USBFS_HID02.a(USBFS_pm.o)
 .text.USBFS_RestoreConfig
                0x00000000       0x1c .\CortexM3\ARM_GCC_493\Debug\USBFS_HID02.a(USBFS_pm.o)
 .text.USBFS_Suspend
                0x00000000      0x11c .\CortexM3\ARM_GCC_493\Debug\USBFS_HID02.a(USBFS_pm.o)
 .text.USBFS_Resume
                0x00000000      0x100 .\CortexM3\ARM_GCC_493\Debug\USBFS_HID02.a(USBFS_pm.o)
 .text          0x00000000        0x0 .\CortexM3\ARM_GCC_493\Debug\USBFS_HID02.a(USBFS_std.o)
 .data          0x00000000        0x0 .\CortexM3\ARM_GCC_493\Debug\USBFS_HID02.a(USBFS_std.o)
 .text.USBFS_EpStateInit
                0x00000000       0x68 .\CortexM3\ARM_GCC_493\Debug\USBFS_HID02.a(USBFS_std.o)
 .text.USBFS_TerminateEP
                0x00000000       0xb4 .\CortexM3\ARM_GCC_493\Debug\USBFS_HID02.a(USBFS_std.o)
 .text          0x00000000        0x0 .\CortexM3\ARM_GCC_493\Debug\USBFS_HID02.a(USBFS_vnd.o)
 .data          0x00000000        0x0 .\CortexM3\ARM_GCC_493\Debug\USBFS_HID02.a(USBFS_vnd.o)
 .bss           0x00000000        0x0 .\CortexM3\ARM_GCC_493\Debug\USBFS_HID02.a(USBFS_vnd.o)
 .text          0x00000000        0x0 .\CortexM3\ARM_GCC_493\Debug\USBFS_HID02.a(USBFS_Dp.o)
 .data          0x00000000        0x0 .\CortexM3\ARM_GCC_493\Debug\USBFS_HID02.a(USBFS_Dp.o)
 .bss           0x00000000        0x0 .\CortexM3\ARM_GCC_493\Debug\USBFS_HID02.a(USBFS_Dp.o)
 .text.USBFS_Dp_Write
                0x00000000       0x3c .\CortexM3\ARM_GCC_493\Debug\USBFS_HID02.a(USBFS_Dp.o)
 .text.USBFS_Dp_SetDriveMode
                0x00000000       0x38 .\CortexM3\ARM_GCC_493\Debug\USBFS_HID02.a(USBFS_Dp.o)
 .text.USBFS_Dp_Read
                0x00000000       0x20 .\CortexM3\ARM_GCC_493\Debug\USBFS_HID02.a(USBFS_Dp.o)
 .text.USBFS_Dp_ReadDataReg
                0x00000000       0x20 .\CortexM3\ARM_GCC_493\Debug\USBFS_HID02.a(USBFS_Dp.o)
 .text.USBFS_Dp_SetInterruptMode
                0x00000000       0x30 .\CortexM3\ARM_GCC_493\Debug\USBFS_HID02.a(USBFS_Dp.o)
 .text          0x00000000        0x0 .\CortexM3\ARM_GCC_493\Debug\USBFS_HID02.a(CyLib.o)
 .bss           0x00000000       0x20 .\CortexM3\ARM_GCC_493\Debug\USBFS_HID02.a(CyLib.o)
 .text.CyPLL_OUT_Start
                0x00000000       0xb0 .\CortexM3\ARM_GCC_493\Debug\USBFS_HID02.a(CyLib.o)
 .text.CyPLL_OUT_Stop
                0x00000000       0x20 .\CortexM3\ARM_GCC_493\Debug\USBFS_HID02.a(CyLib.o)
 .text.CyPLL_OUT_SetPQ
                0x00000000       0x90 .\CortexM3\ARM_GCC_493\Debug\USBFS_HID02.a(CyLib.o)
 .text.CyPLL_OUT_SetSource
                0x00000000       0x54 .\CortexM3\ARM_GCC_493\Debug\USBFS_HID02.a(CyLib.o)
 .text.CyIMO_Start
                0x00000000       0x94 .\CortexM3\ARM_GCC_493\Debug\USBFS_HID02.a(CyLib.o)
 .text.CyIMO_Stop
                0x00000000       0x34 .\CortexM3\ARM_GCC_493\Debug\USBFS_HID02.a(CyLib.o)
 .text.CyUSB_PowerOnCheck
                0x00000000       0x60 .\CortexM3\ARM_GCC_493\Debug\USBFS_HID02.a(CyLib.o)
 .text.CyIMO_SetTrimValue
                0x00000000      0x108 .\CortexM3\ARM_GCC_493\Debug\USBFS_HID02.a(CyLib.o)
 .text.CyIMO_SetFreq
                0x00000000      0x1ac .\CortexM3\ARM_GCC_493\Debug\USBFS_HID02.a(CyLib.o)
 .text.CyIMO_SetSource
                0x00000000       0x8c .\CortexM3\ARM_GCC_493\Debug\USBFS_HID02.a(CyLib.o)
 .text.CyIMO_EnableDoubler
                0x00000000       0x20 .\CortexM3\ARM_GCC_493\Debug\USBFS_HID02.a(CyLib.o)
 .text.CyIMO_DisableDoubler
                0x00000000       0x20 .\CortexM3\ARM_GCC_493\Debug\USBFS_HID02.a(CyLib.o)
 .text.CyMasterClk_SetSource
                0x00000000       0x34 .\CortexM3\ARM_GCC_493\Debug\USBFS_HID02.a(CyLib.o)
 .text.CyMasterClk_SetDivider
                0x00000000       0x20 .\CortexM3\ARM_GCC_493\Debug\USBFS_HID02.a(CyLib.o)
 .text.CyBusClk_Internal_SetDivider
                0x00000000       0x78 .\CortexM3\ARM_GCC_493\Debug\USBFS_HID02.a(CyLib.o)
 .text.CyBusClk_SetDivider
                0x00000000       0xb4 .\CortexM3\ARM_GCC_493\Debug\USBFS_HID02.a(CyLib.o)
 .text.CyUsbClk_SetSource
                0x00000000       0x34 .\CortexM3\ARM_GCC_493\Debug\USBFS_HID02.a(CyLib.o)
 .text.CyILO_Start1K
                0x00000000       0x20 .\CortexM3\ARM_GCC_493\Debug\USBFS_HID02.a(CyLib.o)
 .text.CyILO_Stop1K
                0x00000000       0x20 .\CortexM3\ARM_GCC_493\Debug\USBFS_HID02.a(CyLib.o)
 .text.CyILO_Start100K
                0x00000000       0x20 .\CortexM3\ARM_GCC_493\Debug\USBFS_HID02.a(CyLib.o)
 .text.CyILO_Stop100K
                0x00000000       0x20 .\CortexM3\ARM_GCC_493\Debug\USBFS_HID02.a(CyLib.o)
 .text.CyILO_Enable33K
                0x00000000       0x20 .\CortexM3\ARM_GCC_493\Debug\USBFS_HID02.a(CyLib.o)
 .text.CyILO_Disable33K
                0x00000000       0x20 .\CortexM3\ARM_GCC_493\Debug\USBFS_HID02.a(CyLib.o)
 .text.CyILO_SetSource
                0x00000000       0x38 .\CortexM3\ARM_GCC_493\Debug\USBFS_HID02.a(CyLib.o)
 .text.CyILO_SetPowerMode
                0x00000000       0x4c .\CortexM3\ARM_GCC_493\Debug\USBFS_HID02.a(CyLib.o)
 .text.CyXTAL_32KHZ_Start
                0x00000000       0x84 .\CortexM3\ARM_GCC_493\Debug\USBFS_HID02.a(CyLib.o)
 .text.CyXTAL_32KHZ_Stop
                0x00000000       0x50 .\CortexM3\ARM_GCC_493\Debug\USBFS_HID02.a(CyLib.o)
 .text.CyXTAL_32KHZ_ReadStatus
                0x00000000       0x20 .\CortexM3\ARM_GCC_493\Debug\USBFS_HID02.a(CyLib.o)
 .text.CyXTAL_32KHZ_SetPowerMode
                0x00000000       0xb4 .\CortexM3\ARM_GCC_493\Debug\USBFS_HID02.a(CyLib.o)
 .text.CyXTAL_Start
                0x00000000       0xd0 .\CortexM3\ARM_GCC_493\Debug\USBFS_HID02.a(CyLib.o)
 .text.CyXTAL_Stop
                0x00000000       0x20 .\CortexM3\ARM_GCC_493\Debug\USBFS_HID02.a(CyLib.o)
 .text.CyXTAL_EnableErrStatus
                0x00000000       0x20 .\CortexM3\ARM_GCC_493\Debug\USBFS_HID02.a(CyLib.o)
 .text.CyXTAL_DisableErrStatus
                0x00000000       0x20 .\CortexM3\ARM_GCC_493\Debug\USBFS_HID02.a(CyLib.o)
 .text.CyXTAL_ReadStatus
                0x00000000       0x28 .\CortexM3\ARM_GCC_493\Debug\USBFS_HID02.a(CyLib.o)
 .text.CyXTAL_EnableFaultRecovery
                0x00000000       0x20 .\CortexM3\ARM_GCC_493\Debug\USBFS_HID02.a(CyLib.o)
 .text.CyXTAL_DisableFaultRecovery
                0x00000000       0x20 .\CortexM3\ARM_GCC_493\Debug\USBFS_HID02.a(CyLib.o)
 .text.CyXTAL_SetStartup
                0x00000000       0x34 .\CortexM3\ARM_GCC_493\Debug\USBFS_HID02.a(CyLib.o)
 .text.CyXTAL_SetFbVoltage
                0x00000000       0x34 .\CortexM3\ARM_GCC_493\Debug\USBFS_HID02.a(CyLib.o)
 .text.CyXTAL_SetWdVoltage
                0x00000000       0x38 .\CortexM3\ARM_GCC_493\Debug\USBFS_HID02.a(CyLib.o)
 .text.CySoftwareReset
                0x00000000       0x20 .\CortexM3\ARM_GCC_493\Debug\USBFS_HID02.a(CyLib.o)
 .text.CyDelay  0x00000000       0x44 .\CortexM3\ARM_GCC_493\Debug\USBFS_HID02.a(CyLib.o)
 .text.CyDelayFreq
                0x00000000       0x7c .\CortexM3\ARM_GCC_493\Debug\USBFS_HID02.a(CyLib.o)
 .text.CyWdtStart
                0x00000000       0x8c .\CortexM3\ARM_GCC_493\Debug\USBFS_HID02.a(CyLib.o)
 .text.CyWdtClear
                0x00000000       0x18 .\CortexM3\ARM_GCC_493\Debug\USBFS_HID02.a(CyLib.o)
 .text.CyVdLvDigitEnable
                0x00000000       0xcc .\CortexM3\ARM_GCC_493\Debug\USBFS_HID02.a(CyLib.o)
 .text.CyVdLvAnalogEnable
                0x00000000       0xc8 .\CortexM3\ARM_GCC_493\Debug\USBFS_HID02.a(CyLib.o)
 .text.CyVdLvDigitDisable
                0x00000000       0x48 .\CortexM3\ARM_GCC_493\Debug\USBFS_HID02.a(CyLib.o)
 .text.CyVdLvAnalogDisable
                0x00000000       0x40 .\CortexM3\ARM_GCC_493\Debug\USBFS_HID02.a(CyLib.o)
 .text.CyVdHvAnalogEnable
                0x00000000       0x78 .\CortexM3\ARM_GCC_493\Debug\USBFS_HID02.a(CyLib.o)
 .text.CyVdHvAnalogDisable
                0x00000000       0x2c .\CortexM3\ARM_GCC_493\Debug\USBFS_HID02.a(CyLib.o)
 .text.CyVdStickyStatus
                0x00000000       0x5c .\CortexM3\ARM_GCC_493\Debug\USBFS_HID02.a(CyLib.o)
 .text.CyVdRealTimeStatus
                0x00000000       0x30 .\CortexM3\ARM_GCC_493\Debug\USBFS_HID02.a(CyLib.o)
 .text.CyDisableInts
                0x00000000       0x34 .\CortexM3\ARM_GCC_493\Debug\USBFS_HID02.a(CyLib.o)
 .text.CyEnableInts
                0x00000000       0x28 .\CortexM3\ARM_GCC_493\Debug\USBFS_HID02.a(CyLib.o)
 .text.CyFlushCache
                0x00000000       0x58 .\CortexM3\ARM_GCC_493\Debug\USBFS_HID02.a(CyLib.o)
 .text.CyIntSetSysVector
                0x00000000       0x4c .\CortexM3\ARM_GCC_493\Debug\USBFS_HID02.a(CyLib.o)
 .text.CyIntGetSysVector
                0x00000000       0x38 .\CortexM3\ARM_GCC_493\Debug\USBFS_HID02.a(CyLib.o)
 .text.CyIntGetVector
                0x00000000       0x38 .\CortexM3\ARM_GCC_493\Debug\USBFS_HID02.a(CyLib.o)
 .text.CyIntGetPriority
                0x00000000       0x38 .\CortexM3\ARM_GCC_493\Debug\USBFS_HID02.a(CyLib.o)
 .text.CyIntGetState
                0x00000000       0x44 .\CortexM3\ARM_GCC_493\Debug\USBFS_HID02.a(CyLib.o)
 .text.CySetScPumps
                0x00000000      0x1b0 .\CortexM3\ARM_GCC_493\Debug\USBFS_HID02.a(CyLib.o)
 .text.CySysTickStart
                0x00000000       0x20 .\CortexM3\ARM_GCC_493\Debug\USBFS_HID02.a(CyLib.o)
 .text.CySysTickInit
                0x00000000       0x68 .\CortexM3\ARM_GCC_493\Debug\USBFS_HID02.a(CyLib.o)
 .text.CySysTickEnable
                0x00000000       0x1c .\CortexM3\ARM_GCC_493\Debug\USBFS_HID02.a(CyLib.o)
 .text.CySysTickStop
                0x00000000       0x1c .\CortexM3\ARM_GCC_493\Debug\USBFS_HID02.a(CyLib.o)
 .text.CySysTickEnableInterrupt
                0x00000000       0x1c .\CortexM3\ARM_GCC_493\Debug\USBFS_HID02.a(CyLib.o)
 .text.CySysTickDisableInterrupt
                0x00000000       0x1c .\CortexM3\ARM_GCC_493\Debug\USBFS_HID02.a(CyLib.o)
 .text.CySysTickSetReload
                0x00000000       0x20 .\CortexM3\ARM_GCC_493\Debug\USBFS_HID02.a(CyLib.o)
 .text.CySysTickGetReload
                0x00000000       0x1c .\CortexM3\ARM_GCC_493\Debug\USBFS_HID02.a(CyLib.o)
 .text.CySysTickGetValue
                0x00000000       0x1c .\CortexM3\ARM_GCC_493\Debug\USBFS_HID02.a(CyLib.o)
 .text.CySysTickSetClockSource
                0x00000000       0x38 .\CortexM3\ARM_GCC_493\Debug\USBFS_HID02.a(CyLib.o)
 .text.CySysTickGetClockSource
                0x00000000       0x1c .\CortexM3\ARM_GCC_493\Debug\USBFS_HID02.a(CyLib.o)
 .text.CySysTickGetCountFlag
                0x00000000       0x1c .\CortexM3\ARM_GCC_493\Debug\USBFS_HID02.a(CyLib.o)
 .text.CySysTickClear
                0x00000000       0x18 .\CortexM3\ARM_GCC_493\Debug\USBFS_HID02.a(CyLib.o)
 .text.CySysTickSetCallback
                0x00000000       0x30 .\CortexM3\ARM_GCC_493\Debug\USBFS_HID02.a(CyLib.o)
 .text.CySysTickGetCallback
                0x00000000       0x20 .\CortexM3\ARM_GCC_493\Debug\USBFS_HID02.a(CyLib.o)
 .text.CySysTickServiceCallbacks
                0x00000000       0x44 .\CortexM3\ARM_GCC_493\Debug\USBFS_HID02.a(CyLib.o)
 .text.CyGetUniqueId
                0x00000000       0xc4 .\CortexM3\ARM_GCC_493\Debug\USBFS_HID02.a(CyLib.o)
 .text          0x00000000        0x0 .\CortexM3\ARM_GCC_493\Debug\USBFS_HID02.a(cyPm.o)
 .data          0x00000000        0x0 .\CortexM3\ARM_GCC_493\Debug\USBFS_HID02.a(cyPm.o)
 .bss           0x00000000       0x44 .\CortexM3\ARM_GCC_493\Debug\USBFS_HID02.a(cyPm.o)
 .rodata        0x00000000       0x10 .\CortexM3\ARM_GCC_493\Debug\USBFS_HID02.a(cyPm.o)
 .text.CyPmSaveClocks
                0x00000000      0x284 .\CortexM3\ARM_GCC_493\Debug\USBFS_HID02.a(cyPm.o)
 .text.CyPmRestoreClocks
                0x00000000      0x300 .\CortexM3\ARM_GCC_493\Debug\USBFS_HID02.a(cyPm.o)
 .text.CyPmAltAct
                0x00000000       0xb8 .\CortexM3\ARM_GCC_493\Debug\USBFS_HID02.a(cyPm.o)
 .text.CyPmSleep
                0x00000000      0x170 .\CortexM3\ARM_GCC_493\Debug\USBFS_HID02.a(cyPm.o)
 .text.CyPmHibernate
                0x00000000        0xc .\CortexM3\ARM_GCC_493\Debug\USBFS_HID02.a(cyPm.o)
 .text.CyPmHibernateEx
                0x00000000      0x158 .\CortexM3\ARM_GCC_493\Debug\USBFS_HID02.a(cyPm.o)
 .text.CyPmReadStatus
                0x00000000       0x5c .\CortexM3\ARM_GCC_493\Debug\USBFS_HID02.a(cyPm.o)
 .text.CyPmHibSaveSet
                0x00000000       0xd4 .\CortexM3\ARM_GCC_493\Debug\USBFS_HID02.a(cyPm.o)
 .text.CyPmHibRestore
                0x00000000       0x68 .\CortexM3\ARM_GCC_493\Debug\USBFS_HID02.a(cyPm.o)
 .text.CyPmCtwSetInterval
                0x00000000       0x90 .\CortexM3\ARM_GCC_493\Debug\USBFS_HID02.a(cyPm.o)
 .text.CyPmOppsSet
                0x00000000       0x40 .\CortexM3\ARM_GCC_493\Debug\USBFS_HID02.a(cyPm.o)
 .text.CyPmFtwSetInterval
                0x00000000       0x90 .\CortexM3\ARM_GCC_493\Debug\USBFS_HID02.a(cyPm.o)
 .text.CyPmHibSlpSaveSet
                0x00000000      0x280 .\CortexM3\ARM_GCC_493\Debug\USBFS_HID02.a(cyPm.o)
 .text.CyPmHibSlpRestore
                0x00000000      0x188 .\CortexM3\ARM_GCC_493\Debug\USBFS_HID02.a(cyPm.o)
 .text.CyPmHviLviSaveDisable
                0x00000000       0xd4 .\CortexM3\ARM_GCC_493\Debug\USBFS_HID02.a(cyPm.o)
 .text.CyPmHviLviRestore
                0x00000000       0x54 .\CortexM3\ARM_GCC_493\Debug\USBFS_HID02.a(cyPm.o)
 .text          0x00000000        0x0 .\CortexM3\ARM_GCC_493\Debug\USBFS_HID02.a(KNAP.o)
 .data          0x00000000        0x0 .\CortexM3\ARM_GCC_493\Debug\USBFS_HID02.a(KNAP.o)
 .bss           0x00000000        0x0 .\CortexM3\ARM_GCC_493\Debug\USBFS_HID02.a(KNAP.o)
 .text.KNAP_Write
                0x00000000       0x3c .\CortexM3\ARM_GCC_493\Debug\USBFS_HID02.a(KNAP.o)
 .text.KNAP_SetDriveMode
                0x00000000       0x38 .\CortexM3\ARM_GCC_493\Debug\USBFS_HID02.a(KNAP.o)
 .text.KNAP_ReadDataReg
                0x00000000       0x20 .\CortexM3\ARM_GCC_493\Debug\USBFS_HID02.a(KNAP.o)
 .text          0x00000000        0x0 .\CortexM3\ARM_GCC_493\Debug\USBFS_HID02.a(PORE.o)
 .data          0x00000000        0x0 .\CortexM3\ARM_GCC_493\Debug\USBFS_HID02.a(PORE.o)
 .bss           0x00000000        0x0 .\CortexM3\ARM_GCC_493\Debug\USBFS_HID02.a(PORE.o)
 .text.PORE_SetDriveMode
                0x00000000       0x38 .\CortexM3\ARM_GCC_493\Debug\USBFS_HID02.a(PORE.o)
 .text.PORE_Read
                0x00000000       0x20 .\CortexM3\ARM_GCC_493\Debug\USBFS_HID02.a(PORE.o)
 .text.PORE_ReadDataReg
                0x00000000       0x20 .\CortexM3\ARM_GCC_493\Debug\USBFS_HID02.a(PORE.o)
 .data          0x00000000        0x0 .\CortexM3\ARM_GCC_493\Debug\USBFS_HID02.a(CyBootAsmGnu.o)
 .bss           0x00000000        0x0 .\CortexM3\ARM_GCC_493\Debug\USBFS_HID02.a(CyBootAsmGnu.o)
 .text          0x00000000        0x0 .\CortexM3\ARM_GCC_493\Debug\USBFS_HID02.a(CyScBoostClk.o)
 .data          0x00000000        0x0 .\CortexM3\ARM_GCC_493\Debug\USBFS_HID02.a(CyScBoostClk.o)
 .bss           0x00000000        0x0 .\CortexM3\ARM_GCC_493\Debug\USBFS_HID02.a(CyScBoostClk.o)
 .text.CyScBoostClk_Start
                0x00000000       0x34 .\CortexM3\ARM_GCC_493\Debug\USBFS_HID02.a(CyScBoostClk.o)
 .text.CyScBoostClk_Stop
                0x00000000       0x34 .\CortexM3\ARM_GCC_493\Debug\USBFS_HID02.a(CyScBoostClk.o)
 .text.CyScBoostClk_StopBlock
                0x00000000       0xb0 .\CortexM3\ARM_GCC_493\Debug\USBFS_HID02.a(CyScBoostClk.o)
 .text.CyScBoostClk_StandbyPower
                0x00000000       0x40 .\CortexM3\ARM_GCC_493\Debug\USBFS_HID02.a(CyScBoostClk.o)
 .text.CyScBoostClk_SetDividerRegister
                0x00000000      0x160 .\CortexM3\ARM_GCC_493\Debug\USBFS_HID02.a(CyScBoostClk.o)
 .text.CyScBoostClk_GetDividerRegister
                0x00000000       0x18 .\CortexM3\ARM_GCC_493\Debug\USBFS_HID02.a(CyScBoostClk.o)
 .text.CyScBoostClk_SetModeRegister
                0x00000000       0x34 .\CortexM3\ARM_GCC_493\Debug\USBFS_HID02.a(CyScBoostClk.o)
 .text.CyScBoostClk_ClearModeRegister
                0x00000000       0x34 .\CortexM3\ARM_GCC_493\Debug\USBFS_HID02.a(CyScBoostClk.o)
 .text.CyScBoostClk_GetModeRegister
                0x00000000       0x20 .\CortexM3\ARM_GCC_493\Debug\USBFS_HID02.a(CyScBoostClk.o)
 .text.CyScBoostClk_SetSourceRegister
                0x00000000       0xbc .\CortexM3\ARM_GCC_493\Debug\USBFS_HID02.a(CyScBoostClk.o)
 .text.CyScBoostClk_GetSourceRegister
                0x00000000       0x20 .\CortexM3\ARM_GCC_493\Debug\USBFS_HID02.a(CyScBoostClk.o)
 .text.CyScBoostClk_SetPhaseRegister
                0x00000000       0x24 .\CortexM3\ARM_GCC_493\Debug\USBFS_HID02.a(CyScBoostClk.o)
 .text.CyScBoostClk_GetPhaseRegister
                0x00000000       0x20 .\CortexM3\ARM_GCC_493\Debug\USBFS_HID02.a(CyScBoostClk.o)
 .text          0x00000000        0x0 .\CortexM3\ARM_GCC_493\Debug\USBFS_HID02.a(USBFS_cls.o)
 .data          0x00000000        0x0 .\CortexM3\ARM_GCC_493\Debug\USBFS_HID02.a(USBFS_cls.o)
 .bss           0x00000000        0x0 .\CortexM3\ARM_GCC_493\Debug\USBFS_HID02.a(USBFS_cls.o)
 .text          0x00000000        0x0 .\CortexM3\ARM_GCC_493\Debug\USBFS_HID02.a(USBFS_descr.o)
 .data          0x00000000        0x0 .\CortexM3\ARM_GCC_493\Debug\USBFS_HID02.a(USBFS_descr.o)
 .bss           0x00000000        0x0 .\CortexM3\ARM_GCC_493\Debug\USBFS_HID02.a(USBFS_descr.o)
 .text          0x00000000        0x0 .\CortexM3\ARM_GCC_493\Debug\USBFS_HID02.a(CyFlash.o)
 .data          0x00000000        0x0 .\CortexM3\ARM_GCC_493\Debug\USBFS_HID02.a(CyFlash.o)
 .bss           0x00000000        0x4 .\CortexM3\ARM_GCC_493\Debug\USBFS_HID02.a(CyFlash.o)
 .text.CyFlash_Start
                0x00000000       0x8c .\CortexM3\ARM_GCC_493\Debug\USBFS_HID02.a(CyFlash.o)
 .text.CyFlash_Stop
                0x00000000       0x44 .\CortexM3\ARM_GCC_493\Debug\USBFS_HID02.a(CyFlash.o)
 .text.CySetTempInt
                0x00000000       0x7c .\CortexM3\ARM_GCC_493\Debug\USBFS_HID02.a(CyFlash.o)
 .text.CyFlashGetSpcAlgorithm
                0x00000000       0x70 .\CortexM3\ARM_GCC_493\Debug\USBFS_HID02.a(CyFlash.o)
 .text.CySetTemp
                0x00000000       0x24 .\CortexM3\ARM_GCC_493\Debug\USBFS_HID02.a(CyFlash.o)
 .text.CySetFlashEEBuffer
                0x00000000       0x54 .\CortexM3\ARM_GCC_493\Debug\USBFS_HID02.a(CyFlash.o)
 .text.CyWriteRowData
                0x00000000       0x3c .\CortexM3\ARM_GCC_493\Debug\USBFS_HID02.a(CyFlash.o)
 .text.CyWriteRowFull
                0x00000000      0x158 .\CortexM3\ARM_GCC_493\Debug\USBFS_HID02.a(CyFlash.o)
 .text.CyFlash_SetWaitCycles
                0x00000000       0xbc .\CortexM3\ARM_GCC_493\Debug\USBFS_HID02.a(CyFlash.o)
 .text.CyEEPROM_Start
                0x00000000       0x8c .\CortexM3\ARM_GCC_493\Debug\USBFS_HID02.a(CyFlash.o)
 .text.CyEEPROM_Stop
                0x00000000       0x44 .\CortexM3\ARM_GCC_493\Debug\USBFS_HID02.a(CyFlash.o)
 .text.CyEEPROM_ReadReserve
                0x00000000       0x30 .\CortexM3\ARM_GCC_493\Debug\USBFS_HID02.a(CyFlash.o)
 .text.CyEEPROM_ReadRelease
                0x00000000       0x20 .\CortexM3\ARM_GCC_493\Debug\USBFS_HID02.a(CyFlash.o)
 COMMON         0x00000000        0x2 .\CortexM3\ARM_GCC_493\Debug\USBFS_HID02.a(CyFlash.o)
 .text          0x00000000        0x0 .\CortexM3\ARM_GCC_493\Debug\USBFS_HID02.a(CySpc.o)
 .data          0x00000000        0x0 .\CortexM3\ARM_GCC_493\Debug\USBFS_HID02.a(CySpc.o)
 .bss           0x00000000        0x8 .\CortexM3\ARM_GCC_493\Debug\USBFS_HID02.a(CySpc.o)
 .text.CySpcStart
                0x00000000       0x44 .\CortexM3\ARM_GCC_493\Debug\USBFS_HID02.a(CySpc.o)
 .text.CySpcStop
                0x00000000       0x44 .\CortexM3\ARM_GCC_493\Debug\USBFS_HID02.a(CySpc.o)
 .text.CySpcReadData
                0x00000000       0x58 .\CortexM3\ARM_GCC_493\Debug\USBFS_HID02.a(CySpc.o)
 .text.CySpcLoadMultiByte
                0x00000000       0xd4 .\CortexM3\ARM_GCC_493\Debug\USBFS_HID02.a(CySpc.o)
 .text.CySpcLoadRow
                0x00000000       0x8c .\CortexM3\ARM_GCC_493\Debug\USBFS_HID02.a(CySpc.o)
 .text.CySpcLoadRowFull
                0x00000000       0xd0 .\CortexM3\ARM_GCC_493\Debug\USBFS_HID02.a(CySpc.o)
 .text.CySpcWriteRow
                0x00000000       0x98 .\CortexM3\ARM_GCC_493\Debug\USBFS_HID02.a(CySpc.o)
 .text.CySpcEraseSector
                0x00000000       0x70 .\CortexM3\ARM_GCC_493\Debug\USBFS_HID02.a(CySpc.o)
 .text.CySpcGetTemp
                0x00000000       0x64 .\CortexM3\ARM_GCC_493\Debug\USBFS_HID02.a(CySpc.o)
 .text.CySpcLock
                0x00000000       0x68 .\CortexM3\ARM_GCC_493\Debug\USBFS_HID02.a(CySpc.o)
 .text.CySpcUnlock
                0x00000000       0x50 .\CortexM3\ARM_GCC_493\Debug\USBFS_HID02.a(CySpc.o)
 .text.CySpcGetAlgorithm
                0x00000000       0x48 .\CortexM3\ARM_GCC_493\Debug\USBFS_HID02.a(CySpc.o)
 .text          0x00000000        0x0 c:/program files (x86)/cypress/psoc creator/4.0/psoc creator/import/gnu/arm/4.9.3/bin/../lib/gcc/arm-none-eabi/4.9.3/../../../../arm-none-eabi/lib/armv7-m\libg_nano.a(lib_a-errno.o)
 .data          0x00000000        0x0 c:/program files (x86)/cypress/psoc creator/4.0/psoc creator/import/gnu/arm/4.9.3/bin/../lib/gcc/arm-none-eabi/4.9.3/../../../../arm-none-eabi/lib/armv7-m\libg_nano.a(lib_a-errno.o)
 .bss           0x00000000        0x0 c:/program files (x86)/cypress/psoc creator/4.0/psoc creator/import/gnu/arm/4.9.3/bin/../lib/gcc/arm-none-eabi/4.9.3/../../../../arm-none-eabi/lib/armv7-m\libg_nano.a(lib_a-errno.o)
 .text          0x00000000        0x0 c:/program files (x86)/cypress/psoc creator/4.0/psoc creator/import/gnu/arm/4.9.3/bin/../lib/gcc/arm-none-eabi/4.9.3/../../../../arm-none-eabi/lib/armv7-m\libg_nano.a(lib_a-exit.o)
 .data          0x00000000        0x0 c:/program files (x86)/cypress/psoc creator/4.0/psoc creator/import/gnu/arm/4.9.3/bin/../lib/gcc/arm-none-eabi/4.9.3/../../../../arm-none-eabi/lib/armv7-m\libg_nano.a(lib_a-exit.o)
 .bss           0x00000000        0x0 c:/program files (x86)/cypress/psoc creator/4.0/psoc creator/import/gnu/arm/4.9.3/bin/../lib/gcc/arm-none-eabi/4.9.3/../../../../arm-none-eabi/lib/armv7-m\libg_nano.a(lib_a-exit.o)
 .text.exit     0x00000000       0x28 c:/program files (x86)/cypress/psoc creator/4.0/psoc creator/import/gnu/arm/4.9.3/bin/../lib/gcc/arm-none-eabi/4.9.3/../../../../arm-none-eabi/lib/armv7-m\libg_nano.a(lib_a-exit.o)
 .text          0x00000000        0x0 c:/program files (x86)/cypress/psoc creator/4.0/psoc creator/import/gnu/arm/4.9.3/bin/../lib/gcc/arm-none-eabi/4.9.3/../../../../arm-none-eabi/lib/armv7-m\libg_nano.a(lib_a-impure.o)
 .data          0x00000000        0x0 c:/program files (x86)/cypress/psoc creator/4.0/psoc creator/import/gnu/arm/4.9.3/bin/../lib/gcc/arm-none-eabi/4.9.3/../../../../arm-none-eabi/lib/armv7-m\libg_nano.a(lib_a-impure.o)
 .bss           0x00000000        0x0 c:/program files (x86)/cypress/psoc creator/4.0/psoc creator/import/gnu/arm/4.9.3/bin/../lib/gcc/arm-none-eabi/4.9.3/../../../../arm-none-eabi/lib/armv7-m\libg_nano.a(lib_a-impure.o)
 .rodata._global_impure_ptr
                0x00000000        0x4 c:/program files (x86)/cypress/psoc creator/4.0/psoc creator/import/gnu/arm/4.9.3/bin/../lib/gcc/arm-none-eabi/4.9.3/../../../../arm-none-eabi/lib/armv7-m\libg_nano.a(lib_a-impure.o)
 .text          0x00000000        0x0 c:/program files (x86)/cypress/psoc creator/4.0/psoc creator/import/gnu/arm/4.9.3/bin/../lib/gcc/arm-none-eabi/4.9.3/../../../../arm-none-eabi/lib/armv7-m\libg_nano.a(lib_a-init.o)
 .data          0x00000000        0x0 c:/program files (x86)/cypress/psoc creator/4.0/psoc creator/import/gnu/arm/4.9.3/bin/../lib/gcc/arm-none-eabi/4.9.3/../../../../arm-none-eabi/lib/armv7-m\libg_nano.a(lib_a-init.o)
 .bss           0x00000000        0x0 c:/program files (x86)/cypress/psoc creator/4.0/psoc creator/import/gnu/arm/4.9.3/bin/../lib/gcc/arm-none-eabi/4.9.3/../../../../arm-none-eabi/lib/armv7-m\libg_nano.a(lib_a-init.o)
 .text          0x00000000        0x0 c:/program files (x86)/cypress/psoc creator/4.0/psoc creator/import/gnu/arm/4.9.3/bin/../lib/gcc/arm-none-eabi/4.9.3/../../../../arm-none-eabi/lib/armv7-m\libg_nano.a(lib_a-memcpy.o)
 .data          0x00000000        0x0 c:/program files (x86)/cypress/psoc creator/4.0/psoc creator/import/gnu/arm/4.9.3/bin/../lib/gcc/arm-none-eabi/4.9.3/../../../../arm-none-eabi/lib/armv7-m\libg_nano.a(lib_a-memcpy.o)
 .bss           0x00000000        0x0 c:/program files (x86)/cypress/psoc creator/4.0/psoc creator/import/gnu/arm/4.9.3/bin/../lib/gcc/arm-none-eabi/4.9.3/../../../../arm-none-eabi/lib/armv7-m\libg_nano.a(lib_a-memcpy.o)
 .text          0x00000000        0x0 c:/program files (x86)/cypress/psoc creator/4.0/psoc creator/import/gnu/arm/4.9.3/bin/../lib/gcc/arm-none-eabi/4.9.3/../../../../arm-none-eabi/lib/armv7-m\libg_nano.a(lib_a-memset.o)
 .data          0x00000000        0x0 c:/program files (x86)/cypress/psoc creator/4.0/psoc creator/import/gnu/arm/4.9.3/bin/../lib/gcc/arm-none-eabi/4.9.3/../../../../arm-none-eabi/lib/armv7-m\libg_nano.a(lib_a-memset.o)
 .bss           0x00000000        0x0 c:/program files (x86)/cypress/psoc creator/4.0/psoc creator/import/gnu/arm/4.9.3/bin/../lib/gcc/arm-none-eabi/4.9.3/../../../../arm-none-eabi/lib/armv7-m\libg_nano.a(lib_a-memset.o)
 .text          0x00000000        0x0 c:/program files (x86)/cypress/psoc creator/4.0/psoc creator/import/gnu/arm/4.9.3/bin/../lib/gcc/arm-none-eabi/4.9.3/armv7-m/crtend.o
 .data          0x00000000        0x0 c:/program files (x86)/cypress/psoc creator/4.0/psoc creator/import/gnu/arm/4.9.3/bin/../lib/gcc/arm-none-eabi/4.9.3/armv7-m/crtend.o
 .bss           0x00000000        0x0 c:/program files (x86)/cypress/psoc creator/4.0/psoc creator/import/gnu/arm/4.9.3/bin/../lib/gcc/arm-none-eabi/4.9.3/armv7-m/crtend.o
 .text          0x00000000        0x0 c:/program files (x86)/cypress/psoc creator/4.0/psoc creator/import/gnu/arm/4.9.3/bin/../lib/gcc/arm-none-eabi/4.9.3/armv7-m/crtn.o
 .data          0x00000000        0x0 c:/program files (x86)/cypress/psoc creator/4.0/psoc creator/import/gnu/arm/4.9.3/bin/../lib/gcc/arm-none-eabi/4.9.3/armv7-m/crtn.o
 .bss           0x00000000        0x0 c:/program files (x86)/cypress/psoc creator/4.0/psoc creator/import/gnu/arm/4.9.3/bin/../lib/gcc/arm-none-eabi/4.9.3/armv7-m/crtn.o

Memory Configuration

Name             Origin             Length             Attributes
rom              0x00000000         0x00040000         xr
ram              0x1fff8000         0x00010000         xrw
*default*        0x00000000         0xffffffff

Linker script and memory map

LOAD c:/program files (x86)/cypress/psoc creator/4.0/psoc creator/import/gnu/arm/4.9.3/bin/../lib/gcc/arm-none-eabi/4.9.3/armv7-m/crti.o
LOAD c:/program files (x86)/cypress/psoc creator/4.0/psoc creator/import/gnu/arm/4.9.3/bin/../lib/gcc/arm-none-eabi/4.9.3/armv7-m/crtbegin.o
LOAD c:/program files (x86)/cypress/psoc creator/4.0/psoc creator/import/gnu/arm/4.9.3/bin/../lib/gcc/arm-none-eabi/4.9.3/../../../../arm-none-eabi/lib/armv7-m/crt0.o
START GROUP
LOAD .\CortexM3\ARM_GCC_493\Debug\main.o
LOAD .\CortexM3\ARM_GCC_493\Debug\cymetadata.o
LOAD .\CortexM3\ARM_GCC_493\Debug\Cm3Start.o
LOAD .\CortexM3\ARM_GCC_493\Debug\USBFS_HID02.a
LOAD C:\Program Files (x86)\Cypress\PSoC Creator\4.0\PSoC Creator\psoc\content\cycomponentlibrary\CyComponentLibrary.cylib\CortexM3\ARM_GCC_493\Debug\CyComponentLibrary.a
END GROUP
START GROUP
LOAD c:/program files (x86)/cypress/psoc creator/4.0/psoc creator/import/gnu/arm/4.9.3/bin/../lib/gcc/arm-none-eabi/4.9.3/armv7-m\libgcc.a
LOAD c:/program files (x86)/cypress/psoc creator/4.0/psoc creator/import/gnu/arm/4.9.3/bin/../lib/gcc/arm-none-eabi/4.9.3/../../../../arm-none-eabi/lib/armv7-m\libg_nano.a
LOAD c:/program files (x86)/cypress/psoc creator/4.0/psoc creator/import/gnu/arm/4.9.3/bin/../lib/gcc/arm-none-eabi/4.9.3/../../../../arm-none-eabi/lib/armv7-m\libc_nano.a
END GROUP
START GROUP
LOAD c:/program files (x86)/cypress/psoc creator/4.0/psoc creator/import/gnu/arm/4.9.3/bin/../lib/gcc/arm-none-eabi/4.9.3/armv7-m\libgcc.a
LOAD c:/program files (x86)/cypress/psoc creator/4.0/psoc creator/import/gnu/arm/4.9.3/bin/../lib/gcc/arm-none-eabi/4.9.3/../../../../arm-none-eabi/lib/armv7-m\libc_nano.a
END GROUP
LOAD c:/program files (x86)/cypress/psoc creator/4.0/psoc creator/import/gnu/arm/4.9.3/bin/../lib/gcc/arm-none-eabi/4.9.3/armv7-m/crtend.o
LOAD c:/program files (x86)/cypress/psoc creator/4.0/psoc creator/import/gnu/arm/4.9.3/bin/../lib/gcc/arm-none-eabi/4.9.3/armv7-m/crtn.o
START GROUP
LOAD c:/program files (x86)/cypress/psoc creator/4.0/psoc creator/import/gnu/arm/4.9.3/bin/../lib/gcc/arm-none-eabi/4.9.3/armv7-m\libgcc.a
LOAD c:/program files (x86)/cypress/psoc creator/4.0/psoc creator/import/gnu/arm/4.9.3/bin/../lib/gcc/arm-none-eabi/4.9.3/../../../../arm-none-eabi/lib/armv7-m\libc.a
LOAD c:/program files (x86)/cypress/psoc creator/4.0/psoc creator/import/gnu/arm/4.9.3/bin/../lib/gcc/arm-none-eabi/4.9.3/../../../../arm-none-eabi/lib/armv7-m\libnosys.a
END GROUP
                0x00000000                CY_APPL_ORIGIN = 0x0
                0x00000100                CY_FLASH_ROW_SIZE = 0x100
                0x00000020                CY_ECC_ROW_SIZE = 0x20
                0x00000000                CY_EE_IN_BTLDR = 0x0
                0x00000000                CY_APPL_LOADABLE = 0x0
                0x00000800                CY_EE_SIZE = 0x800
                0x00000001                CY_APPL_NUM = 0x1
                0x00000001                CY_APPL_MAX = 0x1
                0x00000040                CY_METADATA_SIZE = 0x40
                0x00000000                CY_APPL_LOADABLE = 0x0
                0x00000000                CY_CHECKSUM_EXCLUDE_SIZE = ALIGN (0x0, CY_FLASH_ROW_SIZE)
                0x1fff8270                PROVIDE (__cy_heap_start, _end)
                0x00000001                PROVIDE (__cy_region_num, ((__cy_regions_end - __cy_regions) / 0x10))
                0x20008000                PROVIDE (__cy_stack, (ORIGIN (ram) + 0x10000))
                0x20007800                PROVIDE (__cy_heap_end, (__cy_stack - 0x800))

.cybootloader   0x00000000        0x0
 *(.cybootloader)
                0x00000000                appl1_start = CY_APPL_ORIGIN?CY_APPL_ORIGIN:ALIGN (CY_FLASH_ROW_SIZE)
                0x0001ff00                appl2_start = (appl1_start + ALIGN ((((0x40000 - appl1_start) - (0x2 * CY_FLASH_ROW_SIZE)) / 0x2), CY_FLASH_ROW_SIZE))
                0x00000000                appl_start = (CY_APPL_NUM == 0x1)?appl1_start:appl2_start
                0x00000000                ecc_offset = ((appl_start / CY_FLASH_ROW_SIZE) * CY_ECC_ROW_SIZE)
                0x00000000                ee_offset = (CY_APPL_LOADABLE && ! (CY_EE_IN_BTLDR))?((CY_EE_SIZE / CY_APPL_MAX) * (CY_APPL_NUM - 0x1)):0x0
                0x00000800                ee_size = (CY_APPL_LOADABLE && ! (CY_EE_IN_BTLDR))?(CY_EE_SIZE / CY_APPL_MAX):CY_EE_SIZE
                0x00000000                PROVIDE (CY_ECC_OFFSET, ecc_offset)

.text           0x00000000     0x25ba
 CREATE_OBJECT_SYMBOLS
                0x00000000                PROVIDE (__cy_interrupt_vector, RomVectors)
 *(.romvectors)
 .romvectors    0x00000000       0x10 .\CortexM3\ARM_GCC_493\Debug\Cm3Start.o
                0x00000000                RomVectors
                0x00000001                ASSERT ((. != __cy_interrupt_vector), No interrupt vector)
                0x00000001                ASSERT (CY_APPL_ORIGIN?(SIZEOF (.cybootloader) <= CY_APPL_ORIGIN):0x1, Wrong image location)
                0x00000010                PROVIDE (__cy_reset, Reset)
 *(.text.Reset)
 .text.Reset    0x00000010       0x18 .\CortexM3\ARM_GCC_493\Debug\Cm3Start.o
                0x00000010                Reset
                0x00000001                ASSERT ((. != __cy_reset), No reset code)
 *(.dma_init)
                0x00000001                ASSERT ((((appl_start + .) <= 0x10000) || 0x1), DMA Init must be within the first 64k of flash)
 *(.text .text.* .gnu.linkonce.t.*)
 .text          0x00000028       0x5c c:/program files (x86)/cypress/psoc creator/4.0/psoc creator/import/gnu/arm/4.9.3/bin/../lib/gcc/arm-none-eabi/4.9.3/armv7-m/crtbegin.o
 .text.main     0x00000084       0x98 .\CortexM3\ARM_GCC_493\Debug\main.o
                0x00000084                main
 .text.IntDefaultHandler
                0x0000011c       0x14 .\CortexM3\ARM_GCC_493\Debug\Cm3Start.o
                0x0000011c                IntDefaultHandler
 .text.Start_c  0x00000130       0x98 .\CortexM3\ARM_GCC_493\Debug\Cm3Start.o
                0x00000130                Start_c
 .text.initialize_psoc
                0x000001c8       0x8c .\CortexM3\ARM_GCC_493\Debug\Cm3Start.o
                0x000001c8                initialize_psoc
 .text.CYMEMZERO
                0x00000254       0x1c .\CortexM3\ARM_GCC_493\Debug\USBFS_HID02.a(cyfitter_cfg.o)
 .text.CYCONFIGCPY
                0x00000270       0x1c .\CortexM3\ARM_GCC_493\Debug\USBFS_HID02.a(cyfitter_cfg.o)
 .text.CyClockStartupError
                0x0000028c        0xc .\CortexM3\ARM_GCC_493\Debug\USBFS_HID02.a(cyfitter_cfg.o)
 .text.cfg_write_bytes32
                0x00000298       0x74 .\CortexM3\ARM_GCC_493\Debug\USBFS_HID02.a(cyfitter_cfg.o)
 .text.ClockSetup
                0x0000030c       0xec .\CortexM3\ARM_GCC_493\Debug\USBFS_HID02.a(cyfitter_cfg.o)
 .text.AnalogSetDefault
                0x000003f8       0x44 .\CortexM3\ARM_GCC_493\Debug\USBFS_HID02.a(cyfitter_cfg.o)
 .text.cyfitter_cfg
                0x0000043c      0x128 .\CortexM3\ARM_GCC_493\Debug\USBFS_HID02.a(cyfitter_cfg.o)
                0x0000043c                cyfitter_cfg
 .text.USBFS_Start
                0x00000564       0x38 .\CortexM3\ARM_GCC_493\Debug\USBFS_HID02.a(USBFS.o)
                0x00000564                USBFS_Start
 .text.USBFS_Init
                0x0000059c      0x178 .\CortexM3\ARM_GCC_493\Debug\USBFS_HID02.a(USBFS.o)
                0x0000059c                USBFS_Init
 .text.USBFS_InitComponent
                0x00000714      0x110 .\CortexM3\ARM_GCC_493\Debug\USBFS_HID02.a(USBFS.o)
                0x00000714                USBFS_InitComponent
 .text.USBFS_ReInitComponent
                0x00000824       0x88 .\CortexM3\ARM_GCC_493\Debug\USBFS_HID02.a(USBFS.o)
                0x00000824                USBFS_ReInitComponent
 .text.USBFS_GetConfiguration
                0x000008ac       0x18 .\CortexM3\ARM_GCC_493\Debug\USBFS_HID02.a(USBFS.o)
                0x000008ac                USBFS_GetConfiguration
 .text.USBFS_LoadInEP
                0x000008c4       0xf8 .\CortexM3\ARM_GCC_493\Debug\USBFS_HID02.a(USBFS.o)
                0x000008c4                USBFS_LoadInEP
 .text.USBFS_GetEPAckState
                0x000009bc       0x40 .\CortexM3\ARM_GCC_493\Debug\USBFS_HID02.a(USBFS.o)
                0x000009bc                USBFS_GetEPAckState
 .text.USBFS_EP_0_ISR
                0x000009fc       0xf8 .\CortexM3\ARM_GCC_493\Debug\USBFS_HID02.a(USBFS_drv.o)
                0x000009fc                USBFS_EP_0_ISR
 .text.USBFS_HandleSetup
                0x00000af4       0x88 .\CortexM3\ARM_GCC_493\Debug\USBFS_HID02.a(USBFS_drv.o)
                0x00000af4                USBFS_HandleSetup
 .text.USBFS_HandleIN
                0x00000b7c       0x4c .\CortexM3\ARM_GCC_493\Debug\USBFS_HID02.a(USBFS_drv.o)
                0x00000b7c                USBFS_HandleIN
 .text.USBFS_HandleOUT
                0x00000bc8       0x58 .\CortexM3\ARM_GCC_493\Debug\USBFS_HID02.a(USBFS_drv.o)
                0x00000bc8                USBFS_HandleOUT
 .text.USBFS_LoadEP0
                0x00000c20       0xd0 .\CortexM3\ARM_GCC_493\Debug\USBFS_HID02.a(USBFS_drv.o)
                0x00000c20                USBFS_LoadEP0
 .text.USBFS_InitControlRead
                0x00000cf0       0x70 .\CortexM3\ARM_GCC_493\Debug\USBFS_HID02.a(USBFS_drv.o)
                0x00000cf0                USBFS_InitControlRead
 .text.USBFS_InitZeroLengthControlTransfer
                0x00000d60       0x44 .\CortexM3\ARM_GCC_493\Debug\USBFS_HID02.a(USBFS_drv.o)
                0x00000d60                USBFS_InitZeroLengthControlTransfer
 .text.USBFS_ControlReadDataStage
                0x00000da4        0xc .\CortexM3\ARM_GCC_493\Debug\USBFS_HID02.a(USBFS_drv.o)
                0x00000da4                USBFS_ControlReadDataStage
 .text.USBFS_ControlReadStatusStage
                0x00000db0       0x40 .\CortexM3\ARM_GCC_493\Debug\USBFS_HID02.a(USBFS_drv.o)
                0x00000db0                USBFS_ControlReadStatusStage
 .text.USBFS_InitControlWrite
                0x00000df0       0x64 .\CortexM3\ARM_GCC_493\Debug\USBFS_HID02.a(USBFS_drv.o)
                0x00000df0                USBFS_InitControlWrite
 .text.USBFS_ControlWriteDataStage
                0x00000e54       0xb4 .\CortexM3\ARM_GCC_493\Debug\USBFS_HID02.a(USBFS_drv.o)
                0x00000e54                USBFS_ControlWriteDataStage
 .text.USBFS_ControlWriteStatusStage
                0x00000f08       0x20 .\CortexM3\ARM_GCC_493\Debug\USBFS_HID02.a(USBFS_drv.o)
                0x00000f08                USBFS_ControlWriteStatusStage
 .text.USBFS_InitNoDataControlTransfer
                0x00000f28       0x38 .\CortexM3\ARM_GCC_493\Debug\USBFS_HID02.a(USBFS_drv.o)
                0x00000f28                USBFS_InitNoDataControlTransfer
 .text.USBFS_NoDataControlStatusStage
                0x00000f60       0x48 .\CortexM3\ARM_GCC_493\Debug\USBFS_HID02.a(USBFS_drv.o)
                0x00000f60                USBFS_NoDataControlStatusStage
 .text.USBFS_UpdateStatusBlock
                0x00000fa8       0x40 .\CortexM3\ARM_GCC_493\Debug\USBFS_HID02.a(USBFS_drv.o)
                0x00000fa8                USBFS_UpdateStatusBlock
 .text.USBFS_InitializeStatusBlock
                0x00000fe8       0x34 .\CortexM3\ARM_GCC_493\Debug\USBFS_HID02.a(USBFS_drv.o)
                0x00000fe8                USBFS_InitializeStatusBlock
 .text.USBFS_EP_1_ISR
                0x0000101c       0x48 .\CortexM3\ARM_GCC_493\Debug\USBFS_HID02.a(USBFS_episr.o)
                0x0000101c                USBFS_EP_1_ISR
 .text.USBFS_SOF_ISR
                0x00001064        0xc .\CortexM3\ARM_GCC_493\Debug\USBFS_HID02.a(USBFS_episr.o)
                0x00001064                USBFS_SOF_ISR
 .text.USBFS_BUS_RESET_ISR
                0x00001070        0xc .\CortexM3\ARM_GCC_493\Debug\USBFS_HID02.a(USBFS_episr.o)
                0x00001070                USBFS_BUS_RESET_ISR
 .text.USBFS_DispatchHIDClassRqst
                0x0000107c      0x1d0 .\CortexM3\ARM_GCC_493\Debug\USBFS_HID02.a(USBFS_hid.o)
                0x0000107c                USBFS_DispatchHIDClassRqst
 .text.USBFS_FindHidClassDecriptor
                0x0000124c       0x7c .\CortexM3\ARM_GCC_493\Debug\USBFS_HID02.a(USBFS_hid.o)
                0x0000124c                USBFS_FindHidClassDecriptor
 .text.USBFS_FindReportDescriptor
                0x000012c8       0x90 .\CortexM3\ARM_GCC_493\Debug\USBFS_HID02.a(USBFS_hid.o)
                0x000012c8                USBFS_FindReportDescriptor
 .text.USBFS_FindReport
                0x00001358       0xcc .\CortexM3\ARM_GCC_493\Debug\USBFS_HID02.a(USBFS_hid.o)
                0x00001358                USBFS_FindReport
 .text.USBFS_DP_ISR
                0x00001424        0xc .\CortexM3\ARM_GCC_493\Debug\USBFS_HID02.a(USBFS_pm.o)
                0x00001424                USBFS_DP_ISR
 .text.USBFS_SerialNumString
                0x00001430       0x44 .\CortexM3\ARM_GCC_493\Debug\USBFS_HID02.a(USBFS_std.o)
                0x00001430                USBFS_SerialNumString
 .text.USBFS_HandleStandardRqst
                0x00001474      0x4a0 .\CortexM3\ARM_GCC_493\Debug\USBFS_HID02.a(USBFS_std.o)
                0x00001474                USBFS_HandleStandardRqst
 .text.USBFS_ConfigReg
                0x00001914      0x11c .\CortexM3\ARM_GCC_493\Debug\USBFS_HID02.a(USBFS_std.o)
                0x00001914                USBFS_ConfigReg
 .text.USBFS_Config
                0x00001a30      0x318 .\CortexM3\ARM_GCC_493\Debug\USBFS_HID02.a(USBFS_std.o)
                0x00001a30                USBFS_Config
 .text.USBFS_ConfigAltChanged
                0x00001d48      0x23c .\CortexM3\ARM_GCC_493\Debug\USBFS_HID02.a(USBFS_std.o)
                0x00001d48                USBFS_ConfigAltChanged
 .text.USBFS_GetConfigTablePtr
                0x00001f84       0x54 .\CortexM3\ARM_GCC_493\Debug\USBFS_HID02.a(USBFS_std.o)
                0x00001f84                USBFS_GetConfigTablePtr
 .text.USBFS_GetDeviceTablePtr
                0x00001fd8       0x24 .\CortexM3\ARM_GCC_493\Debug\USBFS_HID02.a(USBFS_std.o)
                0x00001fd8                USBFS_GetDeviceTablePtr
 .text.USBFS_GetInterfaceClassTablePtr
                0x00001ffc       0x4c .\CortexM3\ARM_GCC_493\Debug\USBFS_HID02.a(USBFS_std.o)
                0x00001ffc                USBFS_GetInterfaceClassTablePtr
 .text.USBFS_SetEndpointHalt
                0x00002048       0xdc .\CortexM3\ARM_GCC_493\Debug\USBFS_HID02.a(USBFS_std.o)
                0x00002048                USBFS_SetEndpointHalt
 .text.USBFS_ClearEndpointHalt
                0x00002124      0x130 .\CortexM3\ARM_GCC_493\Debug\USBFS_HID02.a(USBFS_std.o)
                0x00002124                USBFS_ClearEndpointHalt
 .text.USBFS_ValidateAlternateSetting
                0x00002254       0x70 .\CortexM3\ARM_GCC_493\Debug\USBFS_HID02.a(USBFS_std.o)
                0x00002254                USBFS_ValidateAlternateSetting
 .text.USBFS_HandleVendorRqst
                0x000022c4       0x54 .\CortexM3\ARM_GCC_493\Debug\USBFS_HID02.a(USBFS_vnd.o)
                0x000022c4                USBFS_HandleVendorRqst
 .text.USBFS_Dp_ClearInterrupt
                0x00002318       0x20 .\CortexM3\ARM_GCC_493\Debug\USBFS_HID02.a(USBFS_Dp.o)
                0x00002318                USBFS_Dp_ClearInterrupt
 .text.CyHalt   0x00002338       0x18 .\CortexM3\ARM_GCC_493\Debug\USBFS_HID02.a(CyLib.o)
                0x00002338                CyHalt
 .text.CyDelayUs
                0x00002350       0x24 .\CortexM3\ARM_GCC_493\Debug\USBFS_HID02.a(CyLib.o)
                0x00002350                CyDelayUs
 .text.CyIntSetVector
                0x00002374       0x50 .\CortexM3\ARM_GCC_493\Debug\USBFS_HID02.a(CyLib.o)
                0x00002374                CyIntSetVector
 .text.CyIntSetPriority
                0x000023c4       0x44 .\CortexM3\ARM_GCC_493\Debug\USBFS_HID02.a(CyLib.o)
                0x000023c4                CyIntSetPriority
 .text.KNAP_Read
                0x00002408       0x20 .\CortexM3\ARM_GCC_493\Debug\USBFS_HID02.a(KNAP.o)
                0x00002408                KNAP_Read
 .text.PORE_Write
                0x00002428       0x3c .\CortexM3\ARM_GCC_493\Debug\USBFS_HID02.a(PORE.o)
                0x00002428                PORE_Write
 *fill*         0x00002464        0x4 
 .text          0x00002468       0x58 .\CortexM3\ARM_GCC_493\Debug\USBFS_HID02.a(CyBootAsmGnu.o)
                0x00002468                CyDelayCycles
                0x000024a6                CyEnterCriticalSection
                0x000024ae                CyExitCriticalSection
 .text.USBFS_DispatchClassRqst
                0x000024c0       0x7c .\CortexM3\ARM_GCC_493\Debug\USBFS_HID02.a(USBFS_cls.o)
                0x000024c0                USBFS_DispatchClassRqst
 .text.__errno  0x0000253c        0xc c:/program files (x86)/cypress/psoc creator/4.0/psoc creator/import/gnu/arm/4.9.3/bin/../lib/gcc/arm-none-eabi/4.9.3/../../../../arm-none-eabi/lib/armv7-m\libg_nano.a(lib_a-errno.o)
                0x0000253c                __errno
 .text.__libc_init_array
                0x00002548       0x4c c:/program files (x86)/cypress/psoc creator/4.0/psoc creator/import/gnu/arm/4.9.3/bin/../lib/gcc/arm-none-eabi/4.9.3/../../../../arm-none-eabi/lib/armv7-m\libg_nano.a(lib_a-init.o)
                0x00002548                __libc_init_array
 .text.memcpy   0x00002594       0x16 c:/program files (x86)/cypress/psoc creator/4.0/psoc creator/import/gnu/arm/4.9.3/bin/../lib/gcc/arm-none-eabi/4.9.3/../../../../arm-none-eabi/lib/armv7-m\libg_nano.a(lib_a-memcpy.o)
                0x00002594                memcpy
 .text.memset   0x000025aa       0x10 c:/program files (x86)/cypress/psoc creator/4.0/psoc creator/import/gnu/arm/4.9.3/bin/../lib/gcc/arm-none-eabi/4.9.3/../../../../arm-none-eabi/lib/armv7-m\libg_nano.a(lib_a-memset.o)
                0x000025aa                memset
 *(.plt)
 *(.gnu.warning)
 *(.glue_7t)
 .glue_7t       0x00000000        0x0 linker stubs
 *(.glue_7)
 .glue_7        0x00000000        0x0 linker stubs
 *(.vfp11_veneer)
 .vfp11_veneer  0x00000000        0x0 linker stubs
 *(.bootloader)
 *(.ARM.extab* .gnu.linkonce.armextab.*)
 *(.gcc_except_table)

.v4_bx          0x000025bc        0x0
 .v4_bx         0x00000000        0x0 linker stubs

.iplt           0x000025bc        0x0
 .iplt          0x00000000        0x0 c:/program files (x86)/cypress/psoc creator/4.0/psoc creator/import/gnu/arm/4.9.3/bin/../lib/gcc/arm-none-eabi/4.9.3/armv7-m/crtbegin.o

.eh_frame_hdr
 *(.eh_frame_hdr)

.eh_frame       0x000025bc        0x4
 *(.eh_frame)
 .eh_frame      0x000025bc        0x0 c:/program files (x86)/cypress/psoc creator/4.0/psoc creator/import/gnu/arm/4.9.3/bin/../lib/gcc/arm-none-eabi/4.9.3/armv7-m/crtbegin.o
 .eh_frame      0x000025bc        0x4 c:/program files (x86)/cypress/psoc creator/4.0/psoc creator/import/gnu/arm/4.9.3/bin/../lib/gcc/arm-none-eabi/4.9.3/armv7-m/crtend.o
                0x000025c0                PROVIDE (__exidx_start, .)

.ARM.exidx
 *(.ARM.exidx* .gnu.linkonce.armexidx.*)
                0x000025c0                __exidx_end = .

.rodata         0x000025c0      0x1e8
 *(.rodata .rodata.* .gnu.linkonce.r.*)
 .rodata        0x000025c0       0x30 .\CortexM3\ARM_GCC_493\Debug\USBFS_HID02.a(cyfitter_cfg.o)
 .rodata        0x000025f0      0x17c .\CortexM3\ARM_GCC_493\Debug\USBFS_HID02.a(USBFS_descr.o)
                0x000025f0                USBFS_DEVICE0_DESCR
                0x00002604                USBFS_DEVICE0_CONFIGURATION0_DESCR
                0x00002628                USBFS_STRING_DESCRIPTORS
                0x00002668                USBFS_SN_STRING_DESCRIPTOR
                0x0000266c                USBFS_HIDREPORT_DESCRIPTOR1
                0x000026a8                USBFS_DEVICE0_CONFIGURATION0_INTERFACE0_ALTERNATE0_HID_IN_RPT_TABLE
                0x000026b4                USBFS_DEVICE0_CONFIGURATION0_INTERFACE0_ALTERNATE0_HID_TABLE
                0x000026dc                USBFS_DEVICE0_CONFIGURATION0_INTERFACE0_TABLE
                0x000026e4                USBFS_DEVICE0_CONFIGURATION0_EP_SETTINGS_TABLE
                0x000026ec                USBFS_DEVICE0_CONFIGURATION0_INTERFACE_CLASS
                0x000026f0                USBFS_DEVICE0_CONFIGURATION0_TABLE
                0x00002710                USBFS_DEVICE0_TABLE
                0x00002728                USBFS_TABLE
                0x00002730                USBFS_MSOS_DESCRIPTOR
                0x00002744                USBFS_MSOS_CONFIGURATION_DESCR
 .rodata.str1.1
                0x0000276c        0x2 c:/program files (x86)/cypress/psoc creator/4.0/psoc creator/import/gnu/arm/4.9.3/bin/../lib/gcc/arm-none-eabi/4.9.3/../../../../arm-none-eabi/lib/armv7-m\libg_nano.a(lib_a-impure.o)
                0x00002770                . = ALIGN (0x4)
 *fill*         0x0000276e        0x2 
 *(.init)
 .init          0x00002770        0x4 c:/program files (x86)/cypress/psoc creator/4.0/psoc creator/import/gnu/arm/4.9.3/bin/../lib/gcc/arm-none-eabi/4.9.3/armv7-m/crti.o
                0x00002770                _init
 .init          0x00002774        0x8 c:/program files (x86)/cypress/psoc creator/4.0/psoc creator/import/gnu/arm/4.9.3/bin/../lib/gcc/arm-none-eabi/4.9.3/armv7-m/crtn.o
                0x0000277c                . = ALIGN (0x4)
                0x0000277c                __preinit_array_start = .
 *(.preinit_array)
                0x0000277c                __preinit_array_end = .
                0x0000277c                . = ALIGN (0x4)
                0x0000277c                __init_array_start = .
 *(SORT(.init_array.*))
 *(.init_array)
 .init_array    0x0000277c        0x4 c:/program files (x86)/cypress/psoc creator/4.0/psoc creator/import/gnu/arm/4.9.3/bin/../lib/gcc/arm-none-eabi/4.9.3/armv7-m/crtbegin.o
 .init_array    0x00002780        0x4 .\CortexM3\ARM_GCC_493\Debug\Cm3Start.o
                0x00002784                __init_array_end = .
                0x00002784                . = ALIGN (0x4)
 *(.fini)
 .fini          0x00002784        0x4 c:/program files (x86)/cypress/psoc creator/4.0/psoc creator/import/gnu/arm/4.9.3/bin/../lib/gcc/arm-none-eabi/4.9.3/armv7-m/crti.o
                0x00002784                _fini
 .fini          0x00002788        0x8 c:/program files (x86)/cypress/psoc creator/4.0/psoc creator/import/gnu/arm/4.9.3/bin/../lib/gcc/arm-none-eabi/4.9.3/armv7-m/crtn.o
                0x00002790                . = ALIGN (0x4)
                0x00002790                __fini_array_start = .
 *(.fini_array)
 .fini_array    0x00002790        0x4 c:/program files (x86)/cypress/psoc creator/4.0/psoc creator/import/gnu/arm/4.9.3/bin/../lib/gcc/arm-none-eabi/4.9.3/armv7-m/crtbegin.o
 *(SORT(.fini_array.*))
                0x00002794                __fini_array_end = .
                0x00002794                . = ALIGN (0x4)
 *crtbegin.o(.ctors)
 *(EXCLUDE_FILE(*crtend.o) .ctors)
 *(SORT(.ctors.*))
 *crtend.o(.ctors)
                0x00002794                . = ALIGN (0x4)
 *crtbegin.o(.dtors)
 *(EXCLUDE_FILE(*crtend.o) .dtors)
 *(SORT(.dtors.*))
 *crtend.o(.dtors)
                0x00002794                . = ALIGN (0x4)
                0x00002794                __cy_regions = .
                0x00002794        0x4 LONG 0x27a8 __cy_region_init_ram
                0x00002798        0x4 LONG 0x1fff8108 __cy_region_start_data
                0x0000279c        0x4 LONG 0x88 __cy_region_init_size_ram
                0x000027a0        0x4 LONG 0xe0 __cy_region_zero_size_ram
                0x000027a4                __cy_regions_end = .
                0x000027a8                . = ALIGN (0x8)
 *fill*         0x000027a4        0x4 
                0x000027a8                _etext = .

.cy_checksum_exclude
                0x000027a8        0x0
 *(.cy_checksum_exclude)

.ramvectors     0x1fff8000      0x100
                0x1fff8000                __cy_region_start_ram = .
 *(.ramvectors)
 .ramvectors    0x1fff8000      0x100 .\CortexM3\ARM_GCC_493\Debug\Cm3Start.o
                0x1fff8000                CyRamVectors

.noinit         0x1fff8100        0x5
 *(.noinit)
 .noinit        0x1fff8100        0x4 .\CortexM3\ARM_GCC_493\Debug\Cm3Start.o
 .noinit        0x1fff8104        0x1 .\CortexM3\ARM_GCC_493\Debug\USBFS_HID02.a(CyLib.o)
                0x1fff8104                CyResetStatus

.data           0x1fff8108       0x88 load address 0x000027a8
                0x1fff8108                __cy_region_start_data = .
 *(.jcr)
 .jcr           0x1fff8108        0x0 c:/program files (x86)/cypress/psoc creator/4.0/psoc creator/import/gnu/arm/4.9.3/bin/../lib/gcc/arm-none-eabi/4.9.3/armv7-m/crtbegin.o
 .jcr           0x1fff8108        0x4 c:/program files (x86)/cypress/psoc creator/4.0/psoc creator/import/gnu/arm/4.9.3/bin/../lib/gcc/arm-none-eabi/4.9.3/armv7-m/crtend.o
 *(.got.plt)
 *(.got)
 *(.shdata)
 *(.data .data.* .gnu.linkonce.d.*)
 .data          0x1fff810c       0x10 .\CortexM3\ARM_GCC_493\Debug\main.o
                0x1fff810c                bSNstring
 .data          0x1fff811c       0x10 .\CortexM3\ARM_GCC_493\Debug\USBFS_HID02.a(CyLib.o)
                0x1fff811c                cydelay_freq_hz
                0x1fff8120                cydelay_freq_khz
                0x1fff8124                cydelay_freq_mhz
                0x1fff8128                cydelay_32k_ms
 .data.impure_data
                0x1fff812c       0x60 c:/program files (x86)/cypress/psoc creator/4.0/psoc creator/import/gnu/arm/4.9.3/bin/../lib/gcc/arm-none-eabi/4.9.3/../../../../arm-none-eabi/lib/armv7-m\libg_nano.a(lib_a-impure.o)
 .data._impure_ptr
                0x1fff818c        0x4 c:/program files (x86)/cypress/psoc creator/4.0/psoc creator/import/gnu/arm/4.9.3/bin/../lib/gcc/arm-none-eabi/4.9.3/../../../../arm-none-eabi/lib/armv7-m\libg_nano.a(lib_a-impure.o)
                0x1fff818c                _impure_ptr
                0x1fff8190                . = ALIGN (0x8)
 *(.ram)
                0x1fff8190                _edata = .

.igot.plt       0x1fff8190        0x0 load address 0x00002830
 .igot.plt      0x00000000        0x0 c:/program files (x86)/cypress/psoc creator/4.0/psoc creator/import/gnu/arm/4.9.3/bin/../lib/gcc/arm-none-eabi/4.9.3/armv7-m/crtbegin.o

.bss            0x1fff8190       0xe0 load address 0x00002830
                0x1fff8190                PROVIDE (__bss_start__, .)
 *(.shbss)
 *(.bss .bss.* .gnu.linkonce.b.*)
 .bss           0x1fff8190       0x1c c:/program files (x86)/cypress/psoc creator/4.0/psoc creator/import/gnu/arm/4.9.3/bin/../lib/gcc/arm-none-eabi/4.9.3/armv7-m/crtbegin.o
 .bss           0x1fff81ac        0x4 .\CortexM3\ARM_GCC_493\Debug\main.o
                0x1fff81ac                mouseData
 .bss           0x1fff81b0        0x1 .\CortexM3\ARM_GCC_493\Debug\USBFS_HID02.a(USBFS.o)
                0x1fff81b0                USBFS_initVar
 *fill*         0x1fff81b1        0x3 
 .bss           0x1fff81b4        0xc .\CortexM3\ARM_GCC_493\Debug\USBFS_HID02.a(USBFS_std.o)
 *(COMMON)
 COMMON         0x1fff81c0       0x98 .\CortexM3\ARM_GCC_493\Debug\USBFS_HID02.a(USBFS_drv.o)
                0x1fff81c0                USBFS_deviceAddress
                0x1fff81c1                USBFS_ep0Mode
                0x1fff81c4                USBFS_interfaceSetting
                0x1fff81c8                USBFS_currentTD
                0x1fff81d4                USBFS_device
                0x1fff81d5                USBFS_interfaceNumber
                0x1fff81d6                USBFS_ep0Toggle
                0x1fff81d7                USBFS_deviceStatus
                0x1fff81d8                USBFS_configurationChanged
                0x1fff81d9                USBFS_configuration
                0x1fff81da                USBFS_transferState
                0x1fff81dc                USBFS_interfaceStatus
                0x1fff81e0                USBFS_interfaceClass
                0x1fff81e4                USBFS_EP
                0x1fff8250                USBFS_lastPacketSize
                0x1fff8251                USBFS_ep0Count
                0x1fff8254                USBFS_interfaceSettingLast
                0x1fff8256                USBFS_transferByteCount
 COMMON         0x1fff8258        0x9 .\CortexM3\ARM_GCC_493\Debug\USBFS_HID02.a(USBFS_hid.o)
                0x1fff8258                USBFS_hidIdleRate
                0x1fff825c                USBFS_hidIdleTimer
                0x1fff8260                USBFS_hidProtocol
 *fill*         0x1fff8261        0x3 
 COMMON         0x1fff8264        0x8 .\CortexM3\ARM_GCC_493\Debug\USBFS_HID02.a(USBFS_descr.o)
                0x1fff8264                USBFS_DEVICE0_CONFIGURATION0_INTERFACE0_ALTERNATE0_HID_IN_RPT_SCB
                0x1fff8268                USBFS_DEVICE0_CONFIGURATION0_INTERFACE0_ALTERNATE0_HID_IN_BUF
                0x1fff8270                . = ALIGN (0x8)
 *fill*         0x1fff826c        0x4 
 *(.ram.b)
                0x1fff8270                _end = .
                0x1fff8270                __end = .
                0x1fff8270                PROVIDE (end, .)
                0x1fff8270                PROVIDE (__bss_end__, .)
                0x000027a8                __cy_region_init_ram = LOADADDR (.data)
                0x00000088                __cy_region_init_size_ram = (_edata - ADDR (.data))
                0x000000e0                __cy_region_zero_size_ram = (_end - _edata)

.heap           0x1fff8270       0x80 load address 0x00002830
                0x1fff8270                . = _end
                0x1fff82f0                . = (. + 0x80)
 *fill*         0x1fff8270       0x80 
                0x1fff82f0                __cy_heap_limit = .

.stack          0x20007800      0x800
                0x20007800                __cy_stack_limit = .
                0x20008000                . = (. + 0x800)
 *fill*         0x20007800      0x800 
                0x00000001                ASSERT ((__cy_stack_limit >= __cy_heap_limit), region RAM overflowed with stack)
                0x00000000                cy_checksum_exclude_size = (CY_APPL_LOADABLE == 0x1)?SIZEOF (.cy_checksum_exclude):0x0
                0x00000001                ASSERT ((cy_checksum_exclude_size <= CY_CHECKSUM_EXCLUDE_SIZE), CY_BOOT: Section .cy_checksum_exclude size exceedes specified limit.)

.cyloadermeta
 *(.cyloadermeta)

.cyloadablemeta
 *(.cyloadablemeta)

.cyconfigecc    0x80000000       0x74
 *(.cyconfigecc)
 .cyconfigecc   0x80000000       0x74 .\CortexM3\ARM_GCC_493\Debug\cymetadata.o
                0x80000000                cy_meta_configecc

.cycustnvl      0x90000000        0x4
 *(.cycustnvl)
 .cycustnvl     0x90000000        0x4 .\CortexM3\ARM_GCC_493\Debug\cymetadata.o
                0x90000000                cy_meta_custnvl

.cywolatch      0x90100000        0x4
 *(.cywolatch)
 .cywolatch     0x90100000        0x4 .\CortexM3\ARM_GCC_493\Debug\cymetadata.o
                0x90100000                cy_meta_wonvl

.cyeeprom       0x90200000        0x0
 *(.cyeeprom)
                0x00000001                ASSERT ((. <= ((0x90200000 + ee_offset) + ee_size)), .cyeeprom data will not fit in EEPROM)

.cyflashprotect
                0x90400000      0x100
 *(.cyflashprotect)
 .cyflashprotect
                0x90400000      0x100 .\CortexM3\ARM_GCC_493\Debug\cymetadata.o
                0x90400000                cy_meta_flashprotect

.cymeta         0x90500000        0xc
 *(.cymeta)
 .cymeta        0x90500000        0xc .\CortexM3\ARM_GCC_493\Debug\cymetadata.o
                0x90500000                cy_metadata

.rel.dyn        0x00002830        0x0 load address 0x9050000c
 .rel.iplt      0x00000000        0x0 c:/program files (x86)/cypress/psoc creator/4.0/psoc creator/import/gnu/arm/4.9.3/bin/../lib/gcc/arm-none-eabi/4.9.3/armv7-m/crtbegin.o

.stab
 *(.stab)

.stabstr
 *(.stabstr)

.debug
 *(.debug)

.line
 *(.line)

.debug_srcinfo
 *(.debug_srcinfo)

.debug_sfnames
 *(.debug_sfnames)

.debug_aranges  0x00000000      0x960
 *(.debug_aranges)
 .debug_aranges
                0x00000000       0x20 .\CortexM3\ARM_GCC_493\Debug\main.o
 .debug_aranges
                0x00000020       0x18 .\CortexM3\ARM_GCC_493\Debug\cymetadata.o
 .debug_aranges
                0x00000038       0x48 .\CortexM3\ARM_GCC_493\Debug\Cm3Start.o
 .debug_aranges
                0x00000080       0x60 .\CortexM3\ARM_GCC_493\Debug\USBFS_HID02.a(cyfitter_cfg.o)
 .debug_aranges
                0x000000e0       0xc8 .\CortexM3\ARM_GCC_493\Debug\USBFS_HID02.a(USBFS.o)
 .debug_aranges
                0x000001a8       0x98 .\CortexM3\ARM_GCC_493\Debug\USBFS_HID02.a(USBFS_drv.o)
 .debug_aranges
                0x00000240       0x30 .\CortexM3\ARM_GCC_493\Debug\USBFS_HID02.a(USBFS_episr.o)
 .debug_aranges
                0x00000270       0x48 .\CortexM3\ARM_GCC_493\Debug\USBFS_HID02.a(USBFS_hid.o)
 .debug_aranges
                0x000002b8       0x40 .\CortexM3\ARM_GCC_493\Debug\USBFS_HID02.a(USBFS_pm.o)
 .debug_aranges
                0x000002f8       0x80 .\CortexM3\ARM_GCC_493\Debug\USBFS_HID02.a(USBFS_std.o)
 .debug_aranges
                0x00000378       0x20 .\CortexM3\ARM_GCC_493\Debug\USBFS_HID02.a(USBFS_vnd.o)
 .debug_aranges
                0x00000398       0x48 .\CortexM3\ARM_GCC_493\Debug\USBFS_HID02.a(USBFS_Dp.o)
 .debug_aranges
                0x000003e0      0x2a8 .\CortexM3\ARM_GCC_493\Debug\USBFS_HID02.a(CyLib.o)
 .debug_aranges
                0x00000688       0x98 .\CortexM3\ARM_GCC_493\Debug\USBFS_HID02.a(cyPm.o)
 .debug_aranges
                0x00000720       0x38 .\CortexM3\ARM_GCC_493\Debug\USBFS_HID02.a(KNAP.o)
 .debug_aranges
                0x00000758       0x38 .\CortexM3\ARM_GCC_493\Debug\USBFS_HID02.a(PORE.o)
 .debug_aranges
                0x00000790       0x20 .\CortexM3\ARM_GCC_493\Debug\USBFS_HID02.a(CyBootAsmGnu.o)
 .debug_aranges
                0x000007b0       0x80 .\CortexM3\ARM_GCC_493\Debug\USBFS_HID02.a(CyScBoostClk.o)
 .debug_aranges
                0x00000830       0x20 .\CortexM3\ARM_GCC_493\Debug\USBFS_HID02.a(USBFS_cls.o)
 .debug_aranges
                0x00000850       0x18 .\CortexM3\ARM_GCC_493\Debug\USBFS_HID02.a(USBFS_descr.o)
 .debug_aranges
                0x00000868       0x80 .\CortexM3\ARM_GCC_493\Debug\USBFS_HID02.a(CyFlash.o)
 .debug_aranges
                0x000008e8       0x78 .\CortexM3\ARM_GCC_493\Debug\USBFS_HID02.a(CySpc.o)

.debug_pubnames
 *(.debug_pubnames)

.debug_info     0x00000000     0x4f3d
 *(.debug_info .gnu.linkonce.wi.*)
 .debug_info    0x00000000      0x131 .\CortexM3\ARM_GCC_493\Debug\main.o
 .debug_info    0x00000131      0x13a .\CortexM3\ARM_GCC_493\Debug\cymetadata.o
 .debug_info    0x0000026b      0x319 .\CortexM3\ARM_GCC_493\Debug\Cm3Start.o
 .debug_info    0x00000584      0x393 .\CortexM3\ARM_GCC_493\Debug\USBFS_HID02.a(cyfitter_cfg.o)
 .debug_info    0x00000917      0x73b .\CortexM3\ARM_GCC_493\Debug\USBFS_HID02.a(USBFS.o)
 .debug_info    0x00001052      0x521 .\CortexM3\ARM_GCC_493\Debug\USBFS_HID02.a(USBFS_drv.o)
 .debug_info    0x00001573      0x20d .\CortexM3\ARM_GCC_493\Debug\USBFS_HID02.a(USBFS_episr.o)
 .debug_info    0x00001780      0x374 .\CortexM3\ARM_GCC_493\Debug\USBFS_HID02.a(USBFS_hid.o)
 .debug_info    0x00001af4      0x186 .\CortexM3\ARM_GCC_493\Debug\USBFS_HID02.a(USBFS_pm.o)
 .debug_info    0x00001c7a      0x8f7 .\CortexM3\ARM_GCC_493\Debug\USBFS_HID02.a(USBFS_std.o)
 .debug_info    0x00002571      0x19d .\CortexM3\ARM_GCC_493\Debug\USBFS_HID02.a(USBFS_vnd.o)
 .debug_info    0x0000270e      0x171 .\CortexM3\ARM_GCC_493\Debug\USBFS_HID02.a(USBFS_Dp.o)
 .debug_info    0x0000287f      0xe81 .\CortexM3\ARM_GCC_493\Debug\USBFS_HID02.a(CyLib.o)
 .debug_info    0x00003700      0x561 .\CortexM3\ARM_GCC_493\Debug\USBFS_HID02.a(cyPm.o)
 .debug_info    0x00003c61      0x11e .\CortexM3\ARM_GCC_493\Debug\USBFS_HID02.a(KNAP.o)
 .debug_info    0x00003d7f      0x11e .\CortexM3\ARM_GCC_493\Debug\USBFS_HID02.a(PORE.o)
 .debug_info    0x00003e9d       0xa6 .\CortexM3\ARM_GCC_493\Debug\USBFS_HID02.a(CyBootAsmGnu.o)
 .debug_info    0x00003f43      0x299 .\CortexM3\ARM_GCC_493\Debug\USBFS_HID02.a(CyScBoostClk.o)
 .debug_info    0x000041dc      0x1bc .\CortexM3\ARM_GCC_493\Debug\USBFS_HID02.a(USBFS_cls.o)
 .debug_info    0x00004398      0x3e8 .\CortexM3\ARM_GCC_493\Debug\USBFS_HID02.a(USBFS_descr.o)
 .debug_info    0x00004780      0x36a .\CortexM3\ARM_GCC_493\Debug\USBFS_HID02.a(CyFlash.o)
 .debug_info    0x00004aea      0x453 .\CortexM3\ARM_GCC_493\Debug\USBFS_HID02.a(CySpc.o)

.debug_abbrev   0x00000000     0x1800
 *(.debug_abbrev)
 .debug_abbrev  0x00000000       0xa8 .\CortexM3\ARM_GCC_493\Debug\main.o
 .debug_abbrev  0x000000a8       0x5d .\CortexM3\ARM_GCC_493\Debug\cymetadata.o
 .debug_abbrev  0x00000105      0x1b6 .\CortexM3\ARM_GCC_493\Debug\Cm3Start.o
 .debug_abbrev  0x000002bb      0x19d .\CortexM3\ARM_GCC_493\Debug\USBFS_HID02.a(cyfitter_cfg.o)
 .debug_abbrev  0x00000458      0x1f3 .\CortexM3\ARM_GCC_493\Debug\USBFS_HID02.a(USBFS.o)
 .debug_abbrev  0x0000064b      0x161 .\CortexM3\ARM_GCC_493\Debug\USBFS_HID02.a(USBFS_drv.o)
 .debug_abbrev  0x000007ac       0xfd .\CortexM3\ARM_GCC_493\Debug\USBFS_HID02.a(USBFS_episr.o)
 .debug_abbrev  0x000008a9      0x15e .\CortexM3\ARM_GCC_493\Debug\USBFS_HID02.a(USBFS_hid.o)
 .debug_abbrev  0x00000a07       0xd1 .\CortexM3\ARM_GCC_493\Debug\USBFS_HID02.a(USBFS_pm.o)
 .debug_abbrev  0x00000ad8      0x1e2 .\CortexM3\ARM_GCC_493\Debug\USBFS_HID02.a(USBFS_std.o)
 .debug_abbrev  0x00000cba       0xc5 .\CortexM3\ARM_GCC_493\Debug\USBFS_HID02.a(USBFS_vnd.o)
 .debug_abbrev  0x00000d7f       0x90 .\CortexM3\ARM_GCC_493\Debug\USBFS_HID02.a(USBFS_Dp.o)
 .debug_abbrev  0x00000e0f      0x217 .\CortexM3\ARM_GCC_493\Debug\USBFS_HID02.a(CyLib.o)
 .debug_abbrev  0x00001026      0x161 .\CortexM3\ARM_GCC_493\Debug\USBFS_HID02.a(cyPm.o)
 .debug_abbrev  0x00001187       0x90 .\CortexM3\ARM_GCC_493\Debug\USBFS_HID02.a(KNAP.o)
 .debug_abbrev  0x00001217       0x90 .\CortexM3\ARM_GCC_493\Debug\USBFS_HID02.a(PORE.o)
 .debug_abbrev  0x000012a7       0x14 .\CortexM3\ARM_GCC_493\Debug\USBFS_HID02.a(CyBootAsmGnu.o)
 .debug_abbrev  0x000012bb      0x11d .\CortexM3\ARM_GCC_493\Debug\USBFS_HID02.a(CyScBoostClk.o)
 .debug_abbrev  0x000013d8       0xc5 .\CortexM3\ARM_GCC_493\Debug\USBFS_HID02.a(USBFS_cls.o)
 .debug_abbrev  0x0000149d       0xbb .\CortexM3\ARM_GCC_493\Debug\USBFS_HID02.a(USBFS_descr.o)
 .debug_abbrev  0x00001558      0x13c .\CortexM3\ARM_GCC_493\Debug\USBFS_HID02.a(CyFlash.o)
 .debug_abbrev  0x00001694      0x16c .\CortexM3\ARM_GCC_493\Debug\USBFS_HID02.a(CySpc.o)

.debug_line     0x00000000     0x27d6
 *(.debug_line)
 .debug_line    0x00000000      0x17e .\CortexM3\ARM_GCC_493\Debug\main.o
 .debug_line    0x0000017e       0x51 .\CortexM3\ARM_GCC_493\Debug\cymetadata.o
 .debug_line    0x000001cf      0x1dc .\CortexM3\ARM_GCC_493\Debug\Cm3Start.o
 .debug_line    0x000003ab      0x1ea .\CortexM3\ARM_GCC_493\Debug\USBFS_HID02.a(cyfitter_cfg.o)
 .debug_line    0x00000595      0x318 .\CortexM3\ARM_GCC_493\Debug\USBFS_HID02.a(USBFS.o)
 .debug_line    0x000008ad      0x216 .\CortexM3\ARM_GCC_493\Debug\USBFS_HID02.a(USBFS_drv.o)
 .debug_line    0x00000ac3       0xb0 .\CortexM3\ARM_GCC_493\Debug\USBFS_HID02.a(USBFS_episr.o)
 .debug_line    0x00000b73      0x178 .\CortexM3\ARM_GCC_493\Debug\USBFS_HID02.a(USBFS_hid.o)
 .debug_line    0x00000ceb       0xe2 .\CortexM3\ARM_GCC_493\Debug\USBFS_HID02.a(USBFS_pm.o)
 .debug_line    0x00000dcd      0x424 .\CortexM3\ARM_GCC_493\Debug\USBFS_HID02.a(USBFS_std.o)
 .debug_line    0x000011f1       0x89 .\CortexM3\ARM_GCC_493\Debug\USBFS_HID02.a(USBFS_vnd.o)
 .debug_line    0x0000127a       0xbc .\CortexM3\ARM_GCC_493\Debug\USBFS_HID02.a(USBFS_Dp.o)
 .debug_line    0x00001336      0x8af .\CortexM3\ARM_GCC_493\Debug\USBFS_HID02.a(CyLib.o)
 .debug_line    0x00001be5      0x37f .\CortexM3\ARM_GCC_493\Debug\USBFS_HID02.a(cyPm.o)
 .debug_line    0x00001f64       0x93 .\CortexM3\ARM_GCC_493\Debug\USBFS_HID02.a(KNAP.o)
 .debug_line    0x00001ff7       0x93 .\CortexM3\ARM_GCC_493\Debug\USBFS_HID02.a(PORE.o)
 .debug_line    0x0000208a       0x7d .\CortexM3\ARM_GCC_493\Debug\USBFS_HID02.a(CyBootAsmGnu.o)
 .debug_line    0x00002107      0x1cb .\CortexM3\ARM_GCC_493\Debug\USBFS_HID02.a(CyScBoostClk.o)
 .debug_line    0x000022d2       0x8d .\CortexM3\ARM_GCC_493\Debug\USBFS_HID02.a(USBFS_cls.o)
 .debug_line    0x0000235f       0x5d .\CortexM3\ARM_GCC_493\Debug\USBFS_HID02.a(USBFS_descr.o)
 .debug_line    0x000023bc      0x205 .\CortexM3\ARM_GCC_493\Debug\USBFS_HID02.a(CyFlash.o)
 .debug_line    0x000025c1      0x215 .\CortexM3\ARM_GCC_493\Debug\USBFS_HID02.a(CySpc.o)

.debug_frame    0x00000000     0x2460
 *(.debug_frame)
 .debug_frame   0x00000000       0x30 .\CortexM3\ARM_GCC_493\Debug\main.o
 .debug_frame   0x00000030       0xd8 .\CortexM3\ARM_GCC_493\Debug\Cm3Start.o
 .debug_frame   0x00000108      0x16c .\CortexM3\ARM_GCC_493\Debug\USBFS_HID02.a(cyfitter_cfg.o)
 .debug_frame   0x00000274      0x380 .\CortexM3\ARM_GCC_493\Debug\USBFS_HID02.a(USBFS.o)
 .debug_frame   0x000005f4      0x23c .\CortexM3\ARM_GCC_493\Debug\USBFS_HID02.a(USBFS_drv.o)
 .debug_frame   0x00000830       0x74 .\CortexM3\ARM_GCC_493\Debug\USBFS_HID02.a(USBFS_episr.o)
 .debug_frame   0x000008a4      0x100 .\CortexM3\ARM_GCC_493\Debug\USBFS_HID02.a(USBFS_hid.o)
 .debug_frame   0x000009a4       0xbc .\CortexM3\ARM_GCC_493\Debug\USBFS_HID02.a(USBFS_pm.o)
 .debug_frame   0x00000a60      0x220 .\CortexM3\ARM_GCC_493\Debug\USBFS_HID02.a(USBFS_std.o)
 .debug_frame   0x00000c80       0x38 .\CortexM3\ARM_GCC_493\Debug\USBFS_HID02.a(USBFS_vnd.o)
 .debug_frame   0x00000cb8       0xf4 .\CortexM3\ARM_GCC_493\Debug\USBFS_HID02.a(USBFS_Dp.o)
 .debug_frame   0x00000dac      0xc34 .\CortexM3\ARM_GCC_493\Debug\USBFS_HID02.a(CyLib.o)
 .debug_frame   0x000019e0      0x234 .\CortexM3\ARM_GCC_493\Debug\USBFS_HID02.a(cyPm.o)
 .debug_frame   0x00001c14       0xa8 .\CortexM3\ARM_GCC_493\Debug\USBFS_HID02.a(KNAP.o)
 .debug_frame   0x00001cbc       0xa8 .\CortexM3\ARM_GCC_493\Debug\USBFS_HID02.a(PORE.o)
 .debug_frame   0x00001d64      0x200 .\CortexM3\ARM_GCC_493\Debug\USBFS_HID02.a(CyScBoostClk.o)
 .debug_frame   0x00001f64       0x38 .\CortexM3\ARM_GCC_493\Debug\USBFS_HID02.a(USBFS_cls.o)
 .debug_frame   0x00001f9c      0x210 .\CortexM3\ARM_GCC_493\Debug\USBFS_HID02.a(CyFlash.o)
 .debug_frame   0x000021ac      0x1f8 .\CortexM3\ARM_GCC_493\Debug\USBFS_HID02.a(CySpc.o)
 .debug_frame   0x000023a4       0x20 c:/program files (x86)/cypress/psoc creator/4.0/psoc creator/import/gnu/arm/4.9.3/bin/../lib/gcc/arm-none-eabi/4.9.3/../../../../arm-none-eabi/lib/armv7-m\libg_nano.a(lib_a-errno.o)
 .debug_frame   0x000023c4       0x28 c:/program files (x86)/cypress/psoc creator/4.0/psoc creator/import/gnu/arm/4.9.3/bin/../lib/gcc/arm-none-eabi/4.9.3/../../../../arm-none-eabi/lib/armv7-m\libg_nano.a(lib_a-exit.o)
 .debug_frame   0x000023ec       0x2c c:/program files (x86)/cypress/psoc creator/4.0/psoc creator/import/gnu/arm/4.9.3/bin/../lib/gcc/arm-none-eabi/4.9.3/../../../../arm-none-eabi/lib/armv7-m\libg_nano.a(lib_a-init.o)
 .debug_frame   0x00002418       0x28 c:/program files (x86)/cypress/psoc creator/4.0/psoc creator/import/gnu/arm/4.9.3/bin/../lib/gcc/arm-none-eabi/4.9.3/../../../../arm-none-eabi/lib/armv7-m\libg_nano.a(lib_a-memcpy.o)
 .debug_frame   0x00002440       0x20 c:/program files (x86)/cypress/psoc creator/4.0/psoc creator/import/gnu/arm/4.9.3/bin/../lib/gcc/arm-none-eabi/4.9.3/../../../../arm-none-eabi/lib/armv7-m\libg_nano.a(lib_a-memset.o)

.debug_str      0x00000000     0x2435
 *(.debug_str)
 .debug_str     0x00000000      0x191 .\CortexM3\ARM_GCC_493\Debug\main.o
                                0x1d7 (size before relaxing)
 .debug_str     0x00000191       0x75 .\CortexM3\ARM_GCC_493\Debug\cymetadata.o
                                0x200 (size before relaxing)
 .debug_str     0x00000206      0x13c .\CortexM3\ARM_GCC_493\Debug\Cm3Start.o
                                0x2e1 (size before relaxing)
 .debug_str     0x00000342      0x15c .\CortexM3\ARM_GCC_493\Debug\USBFS_HID02.a(cyfitter_cfg.o)
                                0x30d (size before relaxing)
 .debug_str     0x0000049e      0x3f8 .\CortexM3\ARM_GCC_493\Debug\USBFS_HID02.a(USBFS.o)
                                0x5b9 (size before relaxing)
 .debug_str     0x00000896      0x2d4 .\CortexM3\ARM_GCC_493\Debug\USBFS_HID02.a(USBFS_drv.o)
                                0x5b6 (size before relaxing)
 .debug_str     0x00000b6a       0x56 .\CortexM3\ARM_GCC_493\Debug\USBFS_HID02.a(USBFS_episr.o)
                                0x29f (size before relaxing)
 .debug_str     0x00000bc0      0x10c .\CortexM3\ARM_GCC_493\Debug\USBFS_HID02.a(USBFS_hid.o)
                                0x37d (size before relaxing)
 .debug_str     0x00000ccc       0x9c .\CortexM3\ARM_GCC_493\Debug\USBFS_HID02.a(USBFS_pm.o)
                                0x263 (size before relaxing)
 .debug_str     0x00000d68      0x2e0 .\CortexM3\ARM_GCC_493\Debug\USBFS_HID02.a(USBFS_std.o)
                                0x729 (size before relaxing)
 .debug_str     0x00001048       0x59 .\CortexM3\ARM_GCC_493\Debug\USBFS_HID02.a(USBFS_vnd.o)
                                0x273 (size before relaxing)
 .debug_str     0x000010a1       0xb0 .\CortexM3\ARM_GCC_493\Debug\USBFS_HID02.a(USBFS_Dp.o)
                                0x249 (size before relaxing)
 .debug_str     0x00001151      0x82b .\CortexM3\ARM_GCC_493\Debug\USBFS_HID02.a(CyLib.o)
                                0xa18 (size before relaxing)
 .debug_str     0x0000197c      0x365 .\CortexM3\ARM_GCC_493\Debug\USBFS_HID02.a(cyPm.o)
                                0x541 (size before relaxing)
 .debug_str     0x00001ce1       0x56 .\CortexM3\ARM_GCC_493\Debug\USBFS_HID02.a(KNAP.o)
                                0x1f3 (size before relaxing)
 .debug_str     0x00001d37       0x56 .\CortexM3\ARM_GCC_493\Debug\USBFS_HID02.a(PORE.o)
                                0x1f3 (size before relaxing)
 .debug_str     0x00001d8d      0x1e3 .\CortexM3\ARM_GCC_493\Debug\USBFS_HID02.a(CyScBoostClk.o)
                                0x385 (size before relaxing)
 .debug_str     0x00001f70       0x3b .\CortexM3\ARM_GCC_493\Debug\USBFS_HID02.a(USBFS_cls.o)
                                0x28d (size before relaxing)
 .debug_str     0x00001fab      0x226 .\CortexM3\ARM_GCC_493\Debug\USBFS_HID02.a(USBFS_descr.o)
                                0x4f0 (size before relaxing)
 .debug_str     0x000021d1      0x145 .\CortexM3\ARM_GCC_493\Debug\USBFS_HID02.a(CyFlash.o)
                                0x300 (size before relaxing)
 .debug_str     0x00002316      0x11f .\CortexM3\ARM_GCC_493\Debug\USBFS_HID02.a(CySpc.o)
                                0x2fd (size before relaxing)

.debug_loc
 *(.debug_loc)

.debug_macinfo
 *(.debug_macinfo)

.debug_ranges   0x00000000      0x7e0
 *(.debug_ranges)
 .debug_ranges  0x00000000       0x10 .\CortexM3\ARM_GCC_493\Debug\main.o
 .debug_ranges  0x00000010       0x38 .\CortexM3\ARM_GCC_493\Debug\Cm3Start.o
 .debug_ranges  0x00000048       0x50 .\CortexM3\ARM_GCC_493\Debug\USBFS_HID02.a(cyfitter_cfg.o)
 .debug_ranges  0x00000098       0xb8 .\CortexM3\ARM_GCC_493\Debug\USBFS_HID02.a(USBFS.o)
 .debug_ranges  0x00000150       0x88 .\CortexM3\ARM_GCC_493\Debug\USBFS_HID02.a(USBFS_drv.o)
 .debug_ranges  0x000001d8       0x20 .\CortexM3\ARM_GCC_493\Debug\USBFS_HID02.a(USBFS_episr.o)
 .debug_ranges  0x000001f8       0x38 .\CortexM3\ARM_GCC_493\Debug\USBFS_HID02.a(USBFS_hid.o)
 .debug_ranges  0x00000230       0x30 .\CortexM3\ARM_GCC_493\Debug\USBFS_HID02.a(USBFS_pm.o)
 .debug_ranges  0x00000260       0x70 .\CortexM3\ARM_GCC_493\Debug\USBFS_HID02.a(USBFS_std.o)
 .debug_ranges  0x000002d0       0x10 .\CortexM3\ARM_GCC_493\Debug\USBFS_HID02.a(USBFS_vnd.o)
 .debug_ranges  0x000002e0       0x38 .\CortexM3\ARM_GCC_493\Debug\USBFS_HID02.a(USBFS_Dp.o)
 .debug_ranges  0x00000318      0x298 .\CortexM3\ARM_GCC_493\Debug\USBFS_HID02.a(CyLib.o)
 .debug_ranges  0x000005b0       0x88 .\CortexM3\ARM_GCC_493\Debug\USBFS_HID02.a(cyPm.o)
 .debug_ranges  0x00000638       0x28 .\CortexM3\ARM_GCC_493\Debug\USBFS_HID02.a(KNAP.o)
 .debug_ranges  0x00000660       0x28 .\CortexM3\ARM_GCC_493\Debug\USBFS_HID02.a(PORE.o)
 .debug_ranges  0x00000688       0x70 .\CortexM3\ARM_GCC_493\Debug\USBFS_HID02.a(CyScBoostClk.o)
 .debug_ranges  0x000006f8       0x10 .\CortexM3\ARM_GCC_493\Debug\USBFS_HID02.a(USBFS_cls.o)
 .debug_ranges  0x00000708       0x70 .\CortexM3\ARM_GCC_493\Debug\USBFS_HID02.a(CyFlash.o)
 .debug_ranges  0x00000778       0x68 .\CortexM3\ARM_GCC_493\Debug\USBFS_HID02.a(CySpc.o)

.comment        0x00000000       0x70
 .comment       0x00000000       0x70 .\CortexM3\ARM_GCC_493\Debug\main.o
                                 0x71 (size before relaxing)
 .comment       0x00000000       0x71 .\CortexM3\ARM_GCC_493\Debug\cymetadata.o
 .comment       0x00000000       0x71 .\CortexM3\ARM_GCC_493\Debug\Cm3Start.o
 .comment       0x00000000       0x71 .\CortexM3\ARM_GCC_493\Debug\USBFS_HID02.a(cyfitter_cfg.o)
 .comment       0x00000000       0x71 .\CortexM3\ARM_GCC_493\Debug\USBFS_HID02.a(USBFS.o)
 .comment       0x00000000       0x71 .\CortexM3\ARM_GCC_493\Debug\USBFS_HID02.a(USBFS_drv.o)
 .comment       0x00000000       0x71 .\CortexM3\ARM_GCC_493\Debug\USBFS_HID02.a(USBFS_episr.o)
 .comment       0x00000000       0x71 .\CortexM3\ARM_GCC_493\Debug\USBFS_HID02.a(USBFS_hid.o)
 .comment       0x00000000       0x71 .\CortexM3\ARM_GCC_493\Debug\USBFS_HID02.a(USBFS_pm.o)
 .comment       0x00000000       0x71 .\CortexM3\ARM_GCC_493\Debug\USBFS_HID02.a(USBFS_std.o)
 .comment       0x00000000       0x71 .\CortexM3\ARM_GCC_493\Debug\USBFS_HID02.a(USBFS_vnd.o)
 .comment       0x00000000       0x71 .\CortexM3\ARM_GCC_493\Debug\USBFS_HID02.a(USBFS_Dp.o)
 .comment       0x00000000       0x71 .\CortexM3\ARM_GCC_493\Debug\USBFS_HID02.a(CyLib.o)
 .comment       0x00000000       0x71 .\CortexM3\ARM_GCC_493\Debug\USBFS_HID02.a(cyPm.o)
 .comment       0x00000000       0x71 .\CortexM3\ARM_GCC_493\Debug\USBFS_HID02.a(KNAP.o)
 .comment       0x00000000       0x71 .\CortexM3\ARM_GCC_493\Debug\USBFS_HID02.a(PORE.o)
 .comment       0x00000000       0x71 .\CortexM3\ARM_GCC_493\Debug\USBFS_HID02.a(CyScBoostClk.o)
 .comment       0x00000000       0x71 .\CortexM3\ARM_GCC_493\Debug\USBFS_HID02.a(USBFS_cls.o)
 .comment       0x00000000       0x71 .\CortexM3\ARM_GCC_493\Debug\USBFS_HID02.a(USBFS_descr.o)
 .comment       0x00000000       0x71 .\CortexM3\ARM_GCC_493\Debug\USBFS_HID02.a(CyFlash.o)
 .comment       0x00000000       0x71 .\CortexM3\ARM_GCC_493\Debug\USBFS_HID02.a(CySpc.o)

.debug_weaknames
 *(.debug_weaknames)

.debug_funcnames
 *(.debug_funcnames)

.debug_typenames
 *(.debug_typenames)

.debug_varnames
 *(.debug_varnames)

.note.gnu.arm.ident
 *(.note.gnu.arm.ident)

.ARM.attributes
                0x00000000       0x29
 *(.ARM.attributes)
 .ARM.attributes
                0x00000000       0x1d c:/program files (x86)/cypress/psoc creator/4.0/psoc creator/import/gnu/arm/4.9.3/bin/../lib/gcc/arm-none-eabi/4.9.3/armv7-m/crti.o
 .ARM.attributes
                0x0000001d       0x2d c:/program files (x86)/cypress/psoc creator/4.0/psoc creator/import/gnu/arm/4.9.3/bin/../lib/gcc/arm-none-eabi/4.9.3/armv7-m/crtbegin.o
 .ARM.attributes
                0x0000004a       0x1b c:/program files (x86)/cypress/psoc creator/4.0/psoc creator/import/gnu/arm/4.9.3/bin/../lib/gcc/arm-none-eabi/4.9.3/../../../../arm-none-eabi/lib/armv7-m/crt0.o
 .ARM.attributes
                0x00000065       0x33 .\CortexM3\ARM_GCC_493\Debug\main.o
 .ARM.attributes
                0x00000098       0x33 .\CortexM3\ARM_GCC_493\Debug\cymetadata.o
 .ARM.attributes
                0x000000cb       0x33 .\CortexM3\ARM_GCC_493\Debug\Cm3Start.o
 .ARM.attributes
                0x000000fe       0x33 .\CortexM3\ARM_GCC_493\Debug\USBFS_HID02.a(cyfitter_cfg.o)
 .ARM.attributes
                0x00000131       0x33 .\CortexM3\ARM_GCC_493\Debug\USBFS_HID02.a(USBFS.o)
 .ARM.attributes
                0x00000164       0x33 .\CortexM3\ARM_GCC_493\Debug\USBFS_HID02.a(USBFS_drv.o)
 .ARM.attributes
                0x00000197       0x33 .\CortexM3\ARM_GCC_493\Debug\USBFS_HID02.a(USBFS_episr.o)
 .ARM.attributes
                0x000001ca       0x33 .\CortexM3\ARM_GCC_493\Debug\USBFS_HID02.a(USBFS_hid.o)
 .ARM.attributes
                0x000001fd       0x33 .\CortexM3\ARM_GCC_493\Debug\USBFS_HID02.a(USBFS_pm.o)
 .ARM.attributes
                0x00000230       0x33 .\CortexM3\ARM_GCC_493\Debug\USBFS_HID02.a(USBFS_std.o)
 .ARM.attributes
                0x00000263       0x33 .\CortexM3\ARM_GCC_493\Debug\USBFS_HID02.a(USBFS_vnd.o)
 .ARM.attributes
                0x00000296       0x33 .\CortexM3\ARM_GCC_493\Debug\USBFS_HID02.a(USBFS_Dp.o)
 .ARM.attributes
                0x000002c9       0x33 .\CortexM3\ARM_GCC_493\Debug\USBFS_HID02.a(CyLib.o)
 .ARM.attributes
                0x000002fc       0x33 .\CortexM3\ARM_GCC_493\Debug\USBFS_HID02.a(cyPm.o)
 .ARM.attributes
                0x0000032f       0x33 .\CortexM3\ARM_GCC_493\Debug\USBFS_HID02.a(KNAP.o)
 .ARM.attributes
                0x00000362       0x33 .\CortexM3\ARM_GCC_493\Debug\USBFS_HID02.a(PORE.o)
 .ARM.attributes
                0x00000395       0x21 .\CortexM3\ARM_GCC_493\Debug\USBFS_HID02.a(CyBootAsmGnu.o)
 .ARM.attributes
                0x000003b6       0x33 .\CortexM3\ARM_GCC_493\Debug\USBFS_HID02.a(CyScBoostClk.o)
 .ARM.attributes
                0x000003e9       0x33 .\CortexM3\ARM_GCC_493\Debug\USBFS_HID02.a(USBFS_cls.o)
 .ARM.attributes
                0x0000041c       0x33 .\CortexM3\ARM_GCC_493\Debug\USBFS_HID02.a(USBFS_descr.o)
 .ARM.attributes
                0x0000044f       0x33 .\CortexM3\ARM_GCC_493\Debug\USBFS_HID02.a(CyFlash.o)
 .ARM.attributes
                0x00000482       0x33 .\CortexM3\ARM_GCC_493\Debug\USBFS_HID02.a(CySpc.o)
 .ARM.attributes
                0x000004b5       0x2d c:/program files (x86)/cypress/psoc creator/4.0/psoc creator/import/gnu/arm/4.9.3/bin/../lib/gcc/arm-none-eabi/4.9.3/../../../../arm-none-eabi/lib/armv7-m\libg_nano.a(lib_a-errno.o)
 .ARM.attributes
                0x000004e2       0x2d c:/program files (x86)/cypress/psoc creator/4.0/psoc creator/import/gnu/arm/4.9.3/bin/../lib/gcc/arm-none-eabi/4.9.3/../../../../arm-none-eabi/lib/armv7-m\libg_nano.a(lib_a-exit.o)
 .ARM.attributes
                0x0000050f       0x2d c:/program files (x86)/cypress/psoc creator/4.0/psoc creator/import/gnu/arm/4.9.3/bin/../lib/gcc/arm-none-eabi/4.9.3/../../../../arm-none-eabi/lib/armv7-m\libg_nano.a(lib_a-impure.o)
 .ARM.attributes
                0x0000053c       0x2d c:/program files (x86)/cypress/psoc creator/4.0/psoc creator/import/gnu/arm/4.9.3/bin/../lib/gcc/arm-none-eabi/4.9.3/../../../../arm-none-eabi/lib/armv7-m\libg_nano.a(lib_a-init.o)
 .ARM.attributes
                0x00000569       0x2d c:/program files (x86)/cypress/psoc creator/4.0/psoc creator/import/gnu/arm/4.9.3/bin/../lib/gcc/arm-none-eabi/4.9.3/../../../../arm-none-eabi/lib/armv7-m\libg_nano.a(lib_a-memcpy.o)
 .ARM.attributes
                0x00000596       0x2d c:/program files (x86)/cypress/psoc creator/4.0/psoc creator/import/gnu/arm/4.9.3/bin/../lib/gcc/arm-none-eabi/4.9.3/../../../../arm-none-eabi/lib/armv7-m\libg_nano.a(lib_a-memset.o)
 .ARM.attributes
                0x000005c3       0x2d c:/program files (x86)/cypress/psoc creator/4.0/psoc creator/import/gnu/arm/4.9.3/bin/../lib/gcc/arm-none-eabi/4.9.3/armv7-m/crtend.o
 .ARM.attributes
                0x000005f0       0x1d c:/program files (x86)/cypress/psoc creator/4.0/psoc creator/import/gnu/arm/4.9.3/bin/../lib/gcc/arm-none-eabi/4.9.3/armv7-m/crtn.o

/DISCARD/
 *(.note.GNU-stack)
OUTPUT(.\CortexM3\ARM_GCC_493\Debug\USBFS_HID02.elf elf32-littlearm)
